Component: ARM Compiler 5.06 update 1 (build 61) Tool: armlink [4d35a8]

==============================================================================

Section Cross References

    stm32f0xx_hal_msp.o(i.HAL_I2C_MspDeInit) refers to stm32f0xx_hal_gpio.o(i.HAL_GPIO_DeInit) for HAL_GPIO_DeInit
    stm32f0xx_hal_msp.o(i.HAL_I2C_MspInit) refers to stm32f0xx_hal_gpio.o(i.HAL_GPIO_Init) for HAL_GPIO_Init
    stm32f0xx_hal_msp.o(i.HAL_MspInit) refers to stm32f0xx_hal_cortex.o(i.HAL_NVIC_SetPriority) for HAL_NVIC_SetPriority
    stm32f0xx_hal_msp.o(i.HAL_MspInit) refers to stm32f0xx_hal_cortex.o(i.HAL_NVIC_EnableIRQ) for HAL_NVIC_EnableIRQ
    stm32f0xx_hal_msp.o(i.HAL_SPI_MspDeInit) refers to stm32f0xx_hal_gpio.o(i.HAL_GPIO_DeInit) for HAL_GPIO_DeInit
    stm32f0xx_hal_msp.o(i.HAL_SPI_MspDeInit) refers to stm32f0xx_hal_cortex.o(i.HAL_NVIC_DisableIRQ) for HAL_NVIC_DisableIRQ
    stm32f0xx_hal_msp.o(i.HAL_SPI_MspInit) refers to stm32f0xx_hal_gpio.o(i.HAL_GPIO_Init) for HAL_GPIO_Init
    stm32f0xx_hal_msp.o(i.HAL_SPI_MspInit) refers to stm32f0xx_hal_cortex.o(i.HAL_NVIC_SetPriority) for HAL_NVIC_SetPriority
    stm32f0xx_hal_msp.o(i.HAL_SPI_MspInit) refers to stm32f0xx_hal_cortex.o(i.HAL_NVIC_EnableIRQ) for HAL_NVIC_EnableIRQ
    stm32f0xx_hal_msp.o(i.HAL_TIM_MspPostInit) refers to stm32f0xx_hal_gpio.o(i.HAL_GPIO_Init) for HAL_GPIO_Init
    stm32f0xx_it.o(i.EXTI0_1_IRQHandler) refers to stm32f0xx_hal_gpio.o(i.HAL_GPIO_EXTI_IRQHandler) for HAL_GPIO_EXTI_IRQHandler
    stm32f0xx_it.o(i.PVD_VDDIO2_IRQHandler) refers to stm32f0xx_hal_pwr_ex.o(i.HAL_PWR_PVD_IRQHandler) for HAL_PWR_PVD_IRQHandler
    stm32f0xx_it.o(i.PVD_VDDIO2_IRQHandler) refers to stm32f0xx_hal_pwr_ex.o(i.HAL_PWREx_Vddio2Monitor_IRQHandler) for HAL_PWREx_Vddio2Monitor_IRQHandler
    stm32f0xx_it.o(i.SPI1_IRQHandler) refers to stm32f0xx_hal_spi.o(i.HAL_SPI_IRQHandler) for HAL_SPI_IRQHandler
    stm32f0xx_it.o(i.SPI1_IRQHandler) refers to main.o(.bss) for hspi1
    stm32f0xx_it.o(i.SysTick_Handler) refers to stm32f0xx_hal.o(i.HAL_IncTick) for HAL_IncTick
    stm32f0xx_it.o(i.SysTick_Handler) refers to stm32f0xx_hal_cortex.o(i.HAL_SYSTICK_IRQHandler) for HAL_SYSTICK_IRQHandler
    main.o(i.AHRS) refers to fflti.o(.text) for __aeabi_i2f
    main.o(i.AHRS) refers to fdiv.o(.text) for __aeabi_fdiv
    main.o(i.AHRS) refers to fmul.o(.text) for __aeabi_fmul
    main.o(i.AHRS) refers to fscalb.o(.text) for __ARM_scalbnf
    main.o(i.AHRS) refers to main.o(i.sq) for sq
    main.o(i.AHRS) refers to fadd.o(.text) for __aeabi_fadd
    main.o(i.AHRS) refers to cfrcmple.o(.text) for __aeabi_cfrcmple
    main.o(i.AHRS) refers to main.o(i.invSqrt) for invSqrt
    main.o(i.AHRS) refers to main.o(i.imuComputeRotationMatrix) for imuComputeRotationMatrix
    main.o(i.AHRS) refers to acosf.o(i.acosf) for acosf
    main.o(i.AHRS) refers to ffixi.o(.text) for __aeabi_f2iz
    main.o(i.AHRS) refers to main.o(.data) for .data
    main.o(i.AHRS) refers to main.o(.bss) for .bss
    main.o(i.Butterworth_filter) refers to fscalb.o(.text) for __ARM_scalbnf
    main.o(i.Butterworth_filter) refers to fadd.o(.text) for __aeabi_fadd
    main.o(i.Butterworth_filter) refers to fmul.o(.text) for __aeabi_fmul
    main.o(i.HAL_GPIO_EXTI_Callback) refers to main.o(.data) for .data
    main.o(i.HAL_SPI_ErrorCallback) refers to stm32f0xx_hal_spi.o(i.HAL_SPI_Receive_IT) for HAL_SPI_Receive_IT
    main.o(i.HAL_SPI_ErrorCallback) refers to main.o(.bss) for .bss
    main.o(i.HAL_SPI_ErrorCallback) refers to main.o(.data) for .data
    main.o(i.HAL_SPI_RxCpltCallback) refers to stm32f0xx_hal_gpio.o(i.HAL_GPIO_TogglePin) for HAL_GPIO_TogglePin
    main.o(i.HAL_SPI_RxCpltCallback) refers to main.o(i.getRCcommand) for getRCcommand
    main.o(i.HAL_SPI_RxCpltCallback) refers to stm32f0xx_hal_spi.o(i.HAL_SPI_Receive_IT) for HAL_SPI_Receive_IT
    main.o(i.HAL_SPI_RxCpltCallback) refers to main.o(.data) for .data
    main.o(i.HAL_SPI_RxCpltCallback) refers to main.o(.bss) for .bss
    main.o(i.Initial_MPU6050) refers to stm32f0xx_hal.o(i.HAL_Delay) for HAL_Delay
    main.o(i.Initial_MPU6050) refers to main.o(i.MPU6050_WriteBit) for MPU6050_WriteBit
    main.o(i.Initial_MPU6050) refers to main.o(i.MPU6050_WriteBits) for MPU6050_WriteBits
    main.o(i.MPU6050_ReadBit) refers to stm32f0xx_hal_i2c.o(i.HAL_I2C_Mem_Read) for HAL_I2C_Mem_Read
    main.o(i.MPU6050_ReadBit) refers to main.o(.bss) for .bss
    main.o(i.MPU6050_ReadBits) refers to stm32f0xx_hal_i2c.o(i.HAL_I2C_Mem_Read) for HAL_I2C_Mem_Read
    main.o(i.MPU6050_ReadBits) refers to main.o(.bss) for .bss
    main.o(i.MPU6050_WriteBit) refers to stm32f0xx_hal_i2c.o(i.HAL_I2C_Mem_Read) for HAL_I2C_Mem_Read
    main.o(i.MPU6050_WriteBit) refers to stm32f0xx_hal_i2c.o(i.HAL_I2C_Mem_Write) for HAL_I2C_Mem_Write
    main.o(i.MPU6050_WriteBit) refers to main.o(.bss) for .bss
    main.o(i.MPU6050_WriteBits) refers to stm32f0xx_hal_i2c.o(i.HAL_I2C_Mem_Read) for HAL_I2C_Mem_Read
[...]
    Removing stm32f0xx_hal_i2c.o(i.HAL_I2C_Master_Abort_IT), (88 bytes).
    Removing stm32f0xx_hal_i2c.o(i.HAL_I2C_Master_Receive), (280 bytes).
    Removing stm32f0xx_hal_i2c.o(i.HAL_I2C_Master_Receive_DMA), (236 bytes).
    Removing stm32f0xx_hal_i2c.o(i.HAL_I2C_Master_Receive_IT), (124 bytes).
    Removing stm32f0xx_hal_i2c.o(i.HAL_I2C_Master_Sequential_Receive_IT), (116 bytes).
    Removing stm32f0xx_hal_i2c.o(i.HAL_I2C_Master_Sequential_Transmit_IT), (116 bytes).
    Removing stm32f0xx_hal_i2c.o(i.HAL_I2C_Master_Transmit), (280 bytes).
    Removing stm32f0xx_hal_i2c.o(i.HAL_I2C_Master_Transmit_DMA), (240 bytes).
    Removing stm32f0xx_hal_i2c.o(i.HAL_I2C_Master_Transmit_IT), (124 bytes).
    Removing stm32f0xx_hal_i2c.o(i.HAL_I2C_MemRxCpltCallback), (2 bytes).
    Removing stm32f0xx_hal_i2c.o(i.HAL_I2C_MemTxCpltCallback), (2 bytes).
    Removing stm32f0xx_hal_i2c.o(i.HAL_I2C_Mem_Read_DMA), (248 bytes).
    Removing stm32f0xx_hal_i2c.o(i.HAL_I2C_Mem_Read_IT), (188 bytes).
    Removing stm32f0xx_hal_i2c.o(i.HAL_I2C_Mem_Write_DMA), (244 bytes).
    Removing stm32f0xx_hal_i2c.o(i.HAL_I2C_Mem_Write_IT), (184 bytes).
    Removing stm32f0xx_hal_i2c.o(i.HAL_I2C_MspDeInit), (2 bytes).
    Removing stm32f0xx_hal_i2c.o(i.HAL_I2C_MspInit), (2 bytes).
    Removing stm32f0xx_hal_i2c.o(i.HAL_I2C_SlaveRxCpltCallback), (2 bytes).
    Removing stm32f0xx_hal_i2c.o(i.HAL_I2C_SlaveTxCpltCallback), (2 bytes).
    Removing stm32f0xx_hal_i2c.o(i.HAL_I2C_Slave_Receive), (292 bytes).
    Removing stm32f0xx_hal_i2c.o(i.HAL_I2C_Slave_Receive_DMA), (156 bytes).
    Removing stm32f0xx_hal_i2c.o(i.HAL_I2C_Slave_Receive_IT), (88 bytes).
    Removing stm32f0xx_hal_i2c.o(i.HAL_I2C_Slave_Sequential_Receive_IT), (128 bytes).
    Removing stm32f0xx_hal_i2c.o(i.HAL_I2C_Slave_Sequential_Transmit_IT), (128 bytes).
    Removing stm32f0xx_hal_i2c.o(i.HAL_I2C_Slave_Transmit), (300 bytes).
    Removing stm32f0xx_hal_i2c.o(i.HAL_I2C_Slave_Transmit_DMA), (156 bytes).
    Removing stm32f0xx_hal_i2c.o(i.HAL_I2C_Slave_Transmit_IT), (88 bytes).
    Removing stm32f0xx_hal_i2c.o(i.I2C_DMAAbort), (52 bytes).
    Removing stm32f0xx_hal_i2c.o(i.I2C_DMAError), (24 bytes).
    Removing stm32f0xx_hal_i2c.o(i.I2C_DMAMasterReceiveCplt), (68 bytes).
    Removing stm32f0xx_hal_i2c.o(i.I2C_DMAMasterTransmitCplt), (68 bytes).
    Removing stm32f0xx_hal_i2c.o(i.I2C_DMASlaveReceiveCplt), (2 bytes).
    Removing stm32f0xx_hal_i2c.o(i.I2C_DMASlaveTransmitCplt), (2 bytes).
    Removing stm32f0xx_hal_i2c.o(i.I2C_Disable_IRQ), (86 bytes).
    Removing stm32f0xx_hal_i2c.o(i.I2C_Enable_IRQ), (100 bytes).
    Removing stm32f0xx_hal_i2c.o(i.I2C_ITAddrCplt), (122 bytes).
    Removing stm32f0xx_hal_i2c.o(i.I2C_ITError), (204 bytes).
    Removing stm32f0xx_hal_i2c.o(i.I2C_ITListenCplt), (96 bytes).
    Removing stm32f0xx_hal_i2c.o(i.I2C_ITMasterCplt), (160 bytes).
    Removing stm32f0xx_hal_i2c.o(i.I2C_ITMasterSequentialCplt), (70 bytes).
    Removing stm32f0xx_hal_i2c.o(i.I2C_ITSlaveCplt), (232 bytes).
    Removing stm32f0xx_hal_i2c.o(i.I2C_ITSlaveSequentialCplt), (74 bytes).
    Removing stm32f0xx_hal_i2c.o(i.I2C_Master_ISR_DMA), (194 bytes).
    Removing stm32f0xx_hal_i2c.o(i.I2C_Master_ISR_IT), (296 bytes).
    Removing stm32f0xx_hal_i2c.o(i.I2C_Slave_ISR_DMA), (104 bytes).
    Removing stm32f0xx_hal_i2c.o(i.I2C_Slave_ISR_IT), (280 bytes).
    Removing stm32f0xx_hal_i2c.o(i.I2C_WaitOnRXNEFlagUntilTimeout), (120 bytes).
    Removing stm32f0xx_hal_gpio.o(.rev16_text), (4 bytes).
    Removing stm32f0xx_hal_gpio.o(.revsh_text), (4 bytes).
    Removing stm32f0xx_hal_gpio.o(i.HAL_GPIO_DeInit), (200 bytes).
    Removing stm32f0xx_hal_gpio.o(i.HAL_GPIO_EXTI_Callback), (2 bytes).
    Removing stm32f0xx_hal_gpio.o(i.HAL_GPIO_LockPin), (36 bytes).
    Removing stm32f0xx_hal_gpio.o(i.HAL_GPIO_ReadPin), (10 bytes).
    Removing stm32f0xx_hal_pwr.o(.rev16_text), (4 bytes).
    Removing stm32f0xx_hal_pwr.o(.revsh_text), (4 bytes).
    Removing stm32f0xx_hal_pwr.o(i.HAL_PWR_DeInit), (24 bytes).
    Removing stm32f0xx_hal_pwr.o(i.HAL_PWR_DisableBkUpAccess), (16 bytes).
    Removing stm32f0xx_hal_pwr.o(i.HAL_PWR_DisableSEVOnPend), (16 bytes).
    Removing stm32f0xx_hal_pwr.o(i.HAL_PWR_DisableSleepOnExit), (16 bytes).
    Removing stm32f0xx_hal_pwr.o(i.HAL_PWR_DisableWakeUpPin), (16 bytes).
    Removing stm32f0xx_hal_pwr.o(i.HAL_PWR_EnableBkUpAccess), (16 bytes).
    Removing stm32f0xx_hal_pwr.o(i.HAL_PWR_EnableSEVOnPend), (16 bytes).
    Removing stm32f0xx_hal_pwr.o(i.HAL_PWR_EnableSleepOnExit), (16 bytes).
    Removing stm32f0xx_hal_pwr.o(i.HAL_PWR_EnableWakeUpPin), (16 bytes).
    Removing stm32f0xx_hal_pwr.o(i.HAL_PWR_EnterSLEEPMode), (32 bytes).
    Removing stm32f0xx_hal_pwr.o(i.HAL_PWR_EnterSTANDBYMode), (32 bytes).
    Removing stm32f0xx_hal_pwr.o(i.HAL_PWR_EnterSTOPMode), (52 bytes).
    Removing stm32f0xx_hal_flash.o(.rev16_text), (4 bytes).
    Removing stm32f0xx_hal_flash.o(.revsh_text), (4 bytes).
    Removing stm32f0xx_hal_flash.o(i.FLASH_Program_HalfWord), (32 bytes).
    Removing stm32f0xx_hal_flash.o(i.FLASH_SetErrorCode), (56 bytes).
    Removing stm32f0xx_hal_flash.o(i.FLASH_WaitForLastOperation), (80 bytes).
    Removing stm32f0xx_hal_flash.o(i.HAL_FLASH_EndOfOperationCallback), (2 bytes).
    Removing stm32f0xx_hal_flash.o(i.HAL_FLASH_GetError), (12 bytes).
    Removing stm32f0xx_hal_flash.o(i.HAL_FLASH_IRQHandler), (268 bytes).
    Removing stm32f0xx_hal_flash.o(i.HAL_FLASH_Lock), (20 bytes).
    Removing stm32f0xx_hal_flash.o(i.HAL_FLASH_OB_Launch), (32 bytes).
    Removing stm32f0xx_hal_flash.o(i.HAL_FLASH_OB_Lock), (20 bytes).
    Removing stm32f0xx_hal_flash.o(i.HAL_FLASH_OB_Unlock), (36 bytes).
    Removing stm32f0xx_hal_flash.o(i.HAL_FLASH_OperationErrorCallback), (2 bytes).
    Removing stm32f0xx_hal_flash.o(i.HAL_FLASH_Program), (124 bytes).
    Removing stm32f0xx_hal_flash.o(i.HAL_FLASH_Program_IT), (100 bytes).
    Removing stm32f0xx_hal_flash.o(i.HAL_FLASH_Unlock), (36 bytes).
    Removing stm32f0xx_hal_flash.o(.bss), (32 bytes).
    Removing stm32f0xx_hal_pwr_ex.o(.rev16_text), (4 bytes).
    Removing stm32f0xx_hal_pwr_ex.o(.revsh_text), (4 bytes).
    Removing stm32f0xx_hal_pwr_ex.o(i.HAL_PWREx_DisableVddio2Monitor), (32 bytes).
    Removing stm32f0xx_hal_pwr_ex.o(i.HAL_PWREx_EnableVddio2Monitor), (24 bytes).
    Removing stm32f0xx_hal_pwr_ex.o(i.HAL_PWR_ConfigPVD), (104 bytes).
    Removing stm32f0xx_hal_pwr_ex.o(i.HAL_PWR_DisablePVD), (16 bytes).
    Removing stm32f0xx_hal_pwr_ex.o(i.HAL_PWR_EnablePVD), (16 bytes).
    Removing stm32f0xx_hal.o(.rev16_text), (4 bytes).
    Removing stm32f0xx_hal.o(.revsh_text), (4 bytes).
    Removing stm32f0xx_hal.o(i.HAL_DBGMCU_DisableDBGStandbyMode), (16 bytes).
    Removing stm32f0xx_hal.o(i.HAL_DBGMCU_DisableDBGStopMode), (16 bytes).
    Removing stm32f0xx_hal.o(i.HAL_DBGMCU_EnableDBGStandbyMode), (16 bytes).
    Removing stm32f0xx_hal.o(i.HAL_DBGMCU_EnableDBGStopMode), (16 bytes).
    Removing stm32f0xx_hal.o(i.HAL_DeInit), (36 bytes).
    Removing stm32f0xx_hal.o(i.HAL_GetDEVID), (16 bytes).
    Removing stm32f0xx_hal.o(i.HAL_GetHalVersion), (6 bytes).
    Removing stm32f0xx_hal.o(i.HAL_GetREVID), (12 bytes).
    Removing stm32f0xx_hal.o(i.HAL_MspDeInit), (2 bytes).
    Removing stm32f0xx_hal.o(i.HAL_MspInit), (2 bytes).
    Removing stm32f0xx_hal.o(i.HAL_ResumeTick), (16 bytes).
    Removing stm32f0xx_hal.o(i.HAL_SuspendTick), (16 bytes).
    Removing stm32f0xx_hal_rcc_ex.o(.rev16_text), (4 bytes).
    Removing stm32f0xx_hal_rcc_ex.o(.revsh_text), (4 bytes).
    Removing stm32f0xx_hal_rcc_ex.o(i.HAL_RCCEx_CRSConfig), (72 bytes).
    Removing stm32f0xx_hal_rcc_ex.o(i.HAL_RCCEx_CRSGetSynchronizationInfo), (40 bytes).
    Removing stm32f0xx_hal_rcc_ex.o(i.HAL_RCCEx_CRSSoftwareSynchronizationGenerate), (16 bytes).
    Removing stm32f0xx_hal_rcc_ex.o(i.HAL_RCCEx_CRSWaitSynchronization), (120 bytes).
    Removing stm32f0xx_hal_rcc_ex.o(i.HAL_RCCEx_CRS_ErrorCallback), (2 bytes).
    Removing stm32f0xx_hal_rcc_ex.o(i.HAL_RCCEx_CRS_ExpectedSyncCallback), (2 bytes).
    Removing stm32f0xx_hal_rcc_ex.o(i.HAL_RCCEx_CRS_IRQHandler), (112 bytes).
    Removing stm32f0xx_hal_rcc_ex.o(i.HAL_RCCEx_CRS_SyncOkCallback), (2 bytes).
    Removing stm32f0xx_hal_rcc_ex.o(i.HAL_RCCEx_CRS_SyncWarnCallback), (2 bytes).
    Removing stm32f0xx_hal_rcc_ex.o(i.HAL_RCCEx_GetPeriphCLKConfig), (76 bytes).
    Removing stm32f0xx_hal_rcc_ex.o(i.HAL_RCCEx_GetPeriphCLKFreq), (276 bytes).
    Removing stm32f0xx_hal_dma.o(.rev16_text), (4 bytes).
    Removing stm32f0xx_hal_dma.o(.revsh_text), (4 bytes).
    Removing stm32f0xx_hal_dma.o(i.DMA_SetConfig), (30 bytes).
    Removing stm32f0xx_hal_dma.o(i.HAL_DMA_Abort), (76 bytes).
    Removing stm32f0xx_hal_dma.o(i.HAL_DMA_Abort_IT), (124 bytes).
    Removing stm32f0xx_hal_dma.o(i.HAL_DMA_DeInit), (204 bytes).
    Removing stm32f0xx_hal_dma.o(i.HAL_DMA_GetError), (4 bytes).
    Removing stm32f0xx_hal_dma.o(i.HAL_DMA_GetState), (6 bytes).
    Removing stm32f0xx_hal_dma.o(i.HAL_DMA_IRQHandler), (476 bytes).
    Removing stm32f0xx_hal_dma.o(i.HAL_DMA_Init), (84 bytes).
    Removing stm32f0xx_hal_dma.o(i.HAL_DMA_PollForTransfer), (452 bytes).
    Removing stm32f0xx_hal_dma.o(i.HAL_DMA_Start), (50 bytes).
    Removing stm32f0xx_hal_dma.o(i.HAL_DMA_Start_IT), (78 bytes).
    Removing stm32f0xx_hal_tim_ex.o(.rev16_text), (4 bytes).
    Removing stm32f0xx_hal_tim_ex.o(.revsh_text), (4 bytes).
    Removing stm32f0xx_hal_tim_ex.o(i.HAL_TIMEx_BreakCallback), (2 bytes).
    Removing stm32f0xx_hal_tim_ex.o(i.HAL_TIMEx_CommutationCallback), (2 bytes).
    Removing stm32f0xx_hal_tim_ex.o(i.HAL_TIMEx_ConfigCommutationEvent), (88 bytes).
    Removing stm32f0xx_hal_tim_ex.o(i.HAL_TIMEx_ConfigCommutationEvent_DMA), (120 bytes).
    Removing stm32f0xx_hal_tim_ex.o(i.HAL_TIMEx_ConfigCommutationEvent_IT), (98 bytes).
    Removing stm32f0xx_hal_tim_ex.o(i.HAL_TIMEx_HallSensor_DeInit), (52 bytes).
    Removing stm32f0xx_hal_tim_ex.o(i.HAL_TIMEx_HallSensor_GetState), (6 bytes).
    Removing stm32f0xx_hal_tim_ex.o(i.HAL_TIMEx_HallSensor_Init), (184 bytes).
    Removing stm32f0xx_hal_tim_ex.o(i.HAL_TIMEx_HallSensor_MspDeInit), (2 bytes).
    Removing stm32f0xx_hal_tim_ex.o(i.HAL_TIMEx_HallSensor_MspInit), (2 bytes).
    Removing stm32f0xx_hal_tim_ex.o(i.HAL_TIMEx_HallSensor_Start), (28 bytes).
    Removing stm32f0xx_hal_tim_ex.o(i.HAL_TIMEx_HallSensor_Start_DMA), (116 bytes).
    Removing stm32f0xx_hal_tim_ex.o(i.HAL_TIMEx_HallSensor_Start_IT), (38 bytes).
    Removing stm32f0xx_hal_tim_ex.o(i.HAL_TIMEx_HallSensor_Stop), (48 bytes).
    Removing stm32f0xx_hal_tim_ex.o(i.HAL_TIMEx_HallSensor_Stop_DMA), (60 bytes).
    Removing stm32f0xx_hal_tim_ex.o(i.HAL_TIMEx_HallSensor_Stop_IT), (60 bytes).
    Removing stm32f0xx_hal_tim_ex.o(i.HAL_TIMEx_OCN_Start), (38 bytes).
    Removing stm32f0xx_hal_tim_ex.o(i.HAL_TIMEx_OCN_Start_DMA), (232 bytes).
    Removing stm32f0xx_hal_tim_ex.o(i.HAL_TIMEx_OCN_Start_IT), (94 bytes).
    Removing stm32f0xx_hal_tim_ex.o(i.HAL_TIMEx_OCN_Stop), (76 bytes).
    Removing stm32f0xx_hal_tim_ex.o(i.HAL_TIMEx_OCN_Stop_DMA), (136 bytes).
    Removing stm32f0xx_hal_tim_ex.o(i.HAL_TIMEx_OCN_Stop_IT), (136 bytes).
    Removing stm32f0xx_hal_tim_ex.o(i.HAL_TIMEx_OnePulseN_Start), (28 bytes).
    Removing stm32f0xx_hal_tim_ex.o(i.HAL_TIMEx_OnePulseN_Start_IT), (48 bytes).
    Removing stm32f0xx_hal_tim_ex.o(i.HAL_TIMEx_OnePulseN_Stop), (76 bytes).
    Removing stm32f0xx_hal_tim_ex.o(i.HAL_TIMEx_OnePulseN_Stop_IT), (96 bytes).
    Removing stm32f0xx_hal_tim_ex.o(i.HAL_TIMEx_PWMN_Start), (38 bytes).
    Removing stm32f0xx_hal_tim_ex.o(i.HAL_TIMEx_PWMN_Start_DMA), (232 bytes).
    Removing stm32f0xx_hal_tim_ex.o(i.HAL_TIMEx_PWMN_Start_IT), (94 bytes).
    Removing stm32f0xx_hal_tim_ex.o(i.HAL_TIMEx_PWMN_Stop), (76 bytes).
    Removing stm32f0xx_hal_tim_ex.o(i.HAL_TIMEx_PWMN_Stop_DMA), (136 bytes).
    Removing stm32f0xx_hal_tim_ex.o(i.HAL_TIMEx_PWMN_Stop_IT), (136 bytes).
    Removing stm32f0xx_hal_tim_ex.o(i.HAL_TIMEx_RemapConfig), (30 bytes).
    Removing stm32f0xx_hal_tim_ex.o(i.TIMEx_DMACommutationCplt), (16 bytes).
    Removing stm32f0xx_hal_tim_ex.o(i.TIM_CCxNChannelCmd), (22 bytes).
    Removing stm32f0xx_hal_flash_ex.o(.rev16_text), (4 bytes).
    Removing stm32f0xx_hal_flash_ex.o(.revsh_text), (4 bytes).
    Removing stm32f0xx_hal_flash_ex.o(i.FLASH_MassErase), (36 bytes).
    Removing stm32f0xx_hal_flash_ex.o(i.FLASH_OB_GetRDP), (32 bytes).
    Removing stm32f0xx_hal_flash_ex.o(i.FLASH_OB_RDP_LevelConfig), (96 bytes).
    Removing stm32f0xx_hal_flash_ex.o(i.FLASH_PageErase), (36 bytes).
    Removing stm32f0xx_hal_flash_ex.o(i.HAL_FLASHEx_Erase), (160 bytes).
    Removing stm32f0xx_hal_flash_ex.o(i.HAL_FLASHEx_Erase_IT), (88 bytes).
    Removing stm32f0xx_hal_flash_ex.o(i.HAL_FLASHEx_OBErase), (80 bytes).
    Removing stm32f0xx_hal_flash_ex.o(i.HAL_FLASHEx_OBGetConfig), (32 bytes).
    Removing stm32f0xx_hal_flash_ex.o(i.HAL_FLASHEx_OBGetUserData), (28 bytes).
    Removing stm32f0xx_hal_flash_ex.o(i.HAL_FLASHEx_OBProgram), (308 bytes).
    Removing stm32f0xx_hal_spi.o(.rev16_text), (4 bytes).
    Removing stm32f0xx_hal_spi.o(.revsh_text), (4 bytes).
    Removing stm32f0xx_hal_spi.o(i.HAL_SPI_DMAPause), (34 bytes).
    Removing stm32f0xx_hal_spi.o(i.HAL_SPI_DMAResume), (34 bytes).
    Removing stm32f0xx_hal_spi.o(i.HAL_SPI_DMAStop), (44 bytes).
    Removing stm32f0xx_hal_spi.o(i.HAL_SPI_DeInit), (48 bytes).
    Removing stm32f0xx_hal_spi.o(i.HAL_SPI_ErrorCallback), (2 bytes).
    Removing stm32f0xx_hal_spi.o(i.HAL_SPI_GetError), (4 bytes).
    Removing stm32f0xx_hal_spi.o(i.HAL_SPI_GetState), (6 bytes).
    Removing stm32f0xx_hal_spi.o(i.HAL_SPI_MspDeInit), (2 bytes).
    Removing stm32f0xx_hal_spi.o(i.HAL_SPI_MspInit), (2 bytes).
    Removing stm32f0xx_hal_spi.o(i.HAL_SPI_Receive), (560 bytes).
    Removing stm32f0xx_hal_spi.o(i.HAL_SPI_Receive_DMA), (276 bytes).
    Removing stm32f0xx_hal_spi.o(i.HAL_SPI_RxCpltCallback), (2 bytes).
    Removing stm32f0xx_hal_spi.o(i.HAL_SPI_RxHalfCpltCallback), (2 bytes).
    Removing stm32f0xx_hal_spi.o(i.HAL_SPI_Transmit), (372 bytes).
    Removing stm32f0xx_hal_spi.o(i.HAL_SPI_TransmitReceive), (720 bytes).
    Removing stm32f0xx_hal_spi.o(i.HAL_SPI_TransmitReceive_DMA), (424 bytes).
    Removing stm32f0xx_hal_spi.o(i.HAL_SPI_Transmit_DMA), (260 bytes).
    Removing stm32f0xx_hal_spi.o(i.HAL_SPI_Transmit_IT), (180 bytes).
    Removing stm32f0xx_hal_spi.o(i.HAL_SPI_TxCpltCallback), (2 bytes).
    Removing stm32f0xx_hal_spi.o(i.HAL_SPI_TxHalfCpltCallback), (2 bytes).
    Removing stm32f0xx_hal_spi.o(i.HAL_SPI_TxRxHalfCpltCallback), (2 bytes).
    Removing stm32f0xx_hal_spi.o(i.SPI_CloseTx_ISR), (74 bytes).
    Removing stm32f0xx_hal_spi.o(i.SPI_DMAError), (34 bytes).
    Removing stm32f0xx_hal_spi.o(i.SPI_DMAHalfReceiveCplt), (10 bytes).
    Removing stm32f0xx_hal_spi.o(i.SPI_DMAHalfTransmitCplt), (10 bytes).
    Removing stm32f0xx_hal_spi.o(i.SPI_DMAHalfTransmitReceiveCplt), (10 bytes).
    Removing stm32f0xx_hal_spi.o(i.SPI_DMAReceiveCplt), (204 bytes).
    Removing stm32f0xx_hal_spi.o(i.SPI_DMATransmitCplt), (84 bytes).
    Removing stm32f0xx_hal_spi.o(i.SPI_DMATransmitReceiveCplt), (200 bytes).
    Removing stm32f0xx_hal_spi.o(i.SPI_TxISR_16BIT), (56 bytes).
    Removing stm32f0xx_hal_spi.o(i.SPI_TxISR_8BIT), (54 bytes).
    Removing stm32f0xx_hal_spi_ex.o(.rev16_text), (4 bytes).
    Removing stm32f0xx_hal_spi_ex.o(.revsh_text), (4 bytes).
    Removing stm32f0xx_hal_spi_ex.o(i.HAL_SPIEx_FlushRxFifo), (36 bytes).
    Removing startup_stm32f042x6.o(HEAP), (512 bytes).
    Removing system_stm32f0xx.o(.rev16_text), (4 bytes).
    Removing system_stm32f0xx.o(.revsh_text), (4 bytes).
    Removing system_stm32f0xx.o(i.SystemCoreClockUpdate), (112 bytes).
    Removing system_stm32f0xx.o(.constdata), (8 bytes).
    Removing stm32f0xx_hal_tim.o(i.__ARM_common_switch8), (26 bytes).

448 unused section(s) (total 27855 bytes) removed from the image.

==============================================================================

Image Symbol Table

    Local Symbols

    Symbol Name                              Value     Ov Type        Size  Object(Section)

    ../Drivers/CMSIS//Device/ST/STM32F0xx/Source/Templates/system_stm32f0xx.c 0x00000000   Number         0  system_stm32f0xx.o ABSOLUTE
    ../Drivers/STM32F0xx_HAL_Driver/Src/stm32f0xx_hal.c 0x00000000   Number         0  stm32f0xx_hal.o ABSOLUTE
    ../Drivers/STM32F0xx_HAL_Driver/Src/stm32f0xx_hal_cortex.c 0x00000000   Number         0  stm32f0xx_hal_cortex.o ABSOLUTE
    ../Drivers/STM32F0xx_HAL_Driver/Src/stm32f0xx_hal_dma.c 0x00000000   Number         0  stm32f0xx_hal_dma.o ABSOLUTE
    ../Drivers/STM32F0xx_HAL_Driver/Src/stm32f0xx_hal_flash.c 0x00000000   Number         0  stm32f0xx_hal_flash.o ABSOLUTE
    ../Drivers/STM32F0xx_HAL_Driver/Src/stm32f0xx_hal_flash_ex.c 0x00000000   Number         0  stm32f0xx_hal_flash_ex.o ABSOLUTE
    ../Drivers/STM32F0xx_HAL_Driver/Src/stm32f0xx_hal_gpio.c 0x00000000   Number         0  stm32f0xx_hal_gpio.o ABSOLUTE
    ../Drivers/STM32F0xx_HAL_Driver/Src/stm32f0xx_hal_i2c.c 0x00000000   Number         0  stm32f0xx_hal_i2c.o ABSOLUTE
    ../Drivers/STM32F0xx_HAL_Driver/Src/stm32f0xx_hal_i2c_ex.c 0x00000000   Number         0  stm32f0xx_hal_i2c_ex.o ABSOLUTE
    ../Drivers/STM32F0xx_HAL_Driver/Src/stm32f0xx_hal_pwr.c 0x00000000   Number         0  stm32f0xx_hal_pwr.o ABSOLUTE
    ../Drivers/STM32F0xx_HAL_Driver/Src/stm32f0xx_hal_pwr_ex.c 0x00000000   Number         0  stm32f0xx_hal_pwr_ex.o ABSOLUTE
    ../Drivers/STM32F0xx_HAL_Driver/Src/stm32f0xx_hal_rcc.c 0x00000000   Number         0  stm32f0xx_hal_rcc.o ABSOLUTE
    ../Drivers/STM32F0xx_HAL_Driver/Src/stm32f0xx_hal_rcc_ex.c 0x00000000   Number         0  stm32f0xx_hal_rcc_ex.o ABSOLUTE
    ../Drivers/STM32F0xx_HAL_Driver/Src/stm32f0xx_hal_spi.c 0x00000000   Number         0  stm32f0xx_hal_spi.o ABSOLUTE
    ../Drivers/STM32F0xx_HAL_Driver/Src/stm32f0xx_hal_spi_ex.c 0x00000000   Number         0  stm32f0xx_hal_spi_ex.o ABSOLUTE
    ../Drivers/STM32F0xx_HAL_Driver/Src/stm32f0xx_hal_tim.c 0x00000000   Number         0  stm32f0xx_hal_tim.o ABSOLUTE
    ../Drivers/STM32F0xx_HAL_Driver/Src/stm32f0xx_hal_tim_ex.c 0x00000000   Number         0  stm32f0xx_hal_tim_ex.o ABSOLUTE
    ../Src/main.c                            0x00000000   Number         0  main.o ABSOLUTE
    ../Src/stm32f0xx_hal_msp.c               0x00000000   Number         0  stm32f0xx_hal_msp.o ABSOLUTE
    ../Src/stm32f0xx_it.c                    0x00000000   Number         0  stm32f0xx_it.o ABSOLUTE
    ../clib/microlib/division.c              0x00000000   Number         0  uidiv.o ABSOLUTE
    ../clib/microlib/errno.c                 0x00000000   Number         0  errno.o ABSOLUTE
    ../clib/microlib/init/entry.s            0x00000000   Number         0  entry9b.o ABSOLUTE
    ../clib/microlib/init/entry.s            0x00000000   Number         0  entry10a.o ABSOLUTE
    ../clib/microlib/init/entry.s            0x00000000   Number         0  entry9a.o ABSOLUTE
    ../clib/microlib/init/entry.s            0x00000000   Number         0  entry8b.o ABSOLUTE
    ../clib/microlib/init/entry.s            0x00000000   Number         0  entry10b.o ABSOLUTE
    ../clib/microlib/init/entry.s            0x00000000   Number         0  entry11a.o ABSOLUTE
    ../clib/microlib/init/entry.s            0x00000000   Number         0  entry7b.o ABSOLUTE
    ../clib/microlib/init/entry.s            0x00000000   Number         0  entry5.o ABSOLUTE
    ../clib/microlib/init/entry.s            0x00000000   Number         0  entry7a.o ABSOLUTE
    ../clib/microlib/init/entry.s            0x00000000   Number         0  entry2.o ABSOLUTE
    ../clib/microlib/init/entry.s            0x00000000   Number         0  entry8a.o ABSOLUTE
    ../clib/microlib/init/entry.s            0x00000000   Number         0  entry11b.o ABSOLUTE
    ../clib/microlib/init/entry.s            0x00000000   Number         0  entry.o ABSOLUTE
    ../clib/microlib/longlong.c              0x00000000   Number         0  llshl.o ABSOLUTE
    ../clib/microlib/longlong.c              0x00000000   Number         0  llushr.o ABSOLUTE
    ../clib/microlib/longlong.c              0x00000000   Number         0  llsshr.o ABSOLUTE
    ../clib/microlib/string/memset.c         0x00000000   Number         0  memseta.o ABSOLUTE
    ../clib/microlib/stubs.s                 0x00000000   Number         0  iusefp.o ABSOLUTE
    ../fplib/microlib/d2f.c                  0x00000000   Number         0  d2f.o ABSOLUTE
    ../fplib/microlib/f2d.c                  0x00000000   Number         0  f2d.o ABSOLUTE
    ../fplib/microlib/fpadd.c                0x00000000   Number         0  dadd.o ABSOLUTE
    ../fplib/microlib/fpadd.c                0x00000000   Number         0  fadd.o ABSOLUTE
    ../fplib/microlib/fpdiv.c                0x00000000   Number         0  fdiv.o ABSOLUTE
    ../fplib/microlib/fpdiv.c                0x00000000   Number         0  ddiv.o ABSOLUTE
    ../fplib/microlib/fpepilogue.c           0x00000000   Number         0  depilogue.o ABSOLUTE
    ../fplib/microlib/fpepilogue.c           0x00000000   Number         0  fepilogue.o ABSOLUTE
    ../fplib/microlib/fpfix.c                0x00000000   Number         0  ffixi.o ABSOLUTE
    ../fplib/microlib/fpfix.c                0x00000000   Number         0  dfixui.o ABSOLUTE
    ../fplib/microlib/fpflt.c                0x00000000   Number         0  dfltui.o ABSOLUTE
    ../fplib/microlib/fpflt.c                0x00000000   Number         0  dflti.o ABSOLUTE
    ../fplib/microlib/fpflt.c                0x00000000   Number         0  fflti.o ABSOLUTE
    ../fplib/microlib/fpmul.c                0x00000000   Number         0  fmul.o ABSOLUTE
    ../fplib/microlib/fpmul.c                0x00000000   Number         0  dmul.o ABSOLUTE
    ../fplib/microlib/fpscalb.c              0x00000000   Number         0  fscalb.o ABSOLUTE
    ../fplib/microlib/fpscalb.c              0x00000000   Number         0  dscalb.o ABSOLUTE
    ../fplib/microlib/fpsqrt.c               0x00000000   Number         0  fsqrt.o ABSOLUTE
    ../mathlib/acosf.c                       0x00000000   Number         0  acosf.o ABSOLUTE
    ../mathlib/acosf.c                       0x00000000   Number         0  acosf_x.o ABSOLUTE
    ../mathlib/funder.c                      0x00000000   Number         0  funder.o ABSOLUTE
    ../mathlib/sqrtf.c                       0x00000000   Number         0  sqrtf_x.o ABSOLUTE
    ../mathlib/sqrtf.c                       0x00000000   Number         0  sqrtf.o ABSOLUTE
    ..\Drivers\CMSIS\\Device\ST\STM32F0xx\Source\Templates\system_stm32f0xx.c 0x00000000   Number         0  system_stm32f0xx.o ABSOLUTE
    ..\Drivers\STM32F0xx_HAL_Driver\Src\stm32f0xx_hal.c 0x00000000   Number         0  stm32f0xx_hal.o ABSOLUTE
    ..\Drivers\STM32F0xx_HAL_Driver\Src\stm32f0xx_hal_cortex.c 0x00000000   Number         0  stm32f0xx_hal_cortex.o ABSOLUTE
    ..\Drivers\STM32F0xx_HAL_Driver\Src\stm32f0xx_hal_dma.c 0x00000000   Number         0  stm32f0xx_hal_dma.o ABSOLUTE
    ..\Drivers\STM32F0xx_HAL_Driver\Src\stm32f0xx_hal_flash.c 0x00000000   Number         0  stm32f0xx_hal_flash.o ABSOLUTE
    ..\Drivers\STM32F0xx_HAL_Driver\Src\stm32f0xx_hal_flash_ex.c 0x00000000   Number         0  stm32f0xx_hal_flash_ex.o ABSOLUTE
    ..\Drivers\STM32F0xx_HAL_Driver\Src\stm32f0xx_hal_gpio.c 0x00000000   Number         0  stm32f0xx_hal_gpio.o ABSOLUTE
    ..\Drivers\STM32F0xx_HAL_Driver\Src\stm32f0xx_hal_i2c.c 0x00000000   Number         0  stm32f0xx_hal_i2c.o ABSOLUTE
    ..\Drivers\STM32F0xx_HAL_Driver\Src\stm32f0xx_hal_i2c_ex.c 0x00000000   Number         0  stm32f0xx_hal_i2c_ex.o ABSOLUTE
    ..\Drivers\STM32F0xx_HAL_Driver\Src\stm32f0xx_hal_pwr.c 0x00000000   Number         0  stm32f0xx_hal_pwr.o ABSOLUTE
    ..\Drivers\STM32F0xx_HAL_Driver\Src\stm32f0xx_hal_pwr_ex.c 0x00000000   Number         0  stm32f0xx_hal_pwr_ex.o ABSOLUTE
    ..\Drivers\STM32F0xx_HAL_Driver\Src\stm32f0xx_hal_rcc.c 0x00000000   Number         0  stm32f0xx_hal_rcc.o ABSOLUTE
    ..\Drivers\STM32F0xx_HAL_Driver\Src\stm32f0xx_hal_rcc_ex.c 0x00000000   Number         0  stm32f0xx_hal_rcc_ex.o ABSOLUTE
    ..\Drivers\STM32F0xx_HAL_Driver\Src\stm32f0xx_hal_spi.c 0x00000000   Number         0  stm32f0xx_hal_spi.o ABSOLUTE
    ..\Drivers\STM32F0xx_HAL_Driver\Src\stm32f0xx_hal_spi_ex.c 0x00000000   Number         0  stm32f0xx_hal_spi_ex.o ABSOLUTE
    ..\Drivers\STM32F0xx_HAL_Driver\Src\stm32f0xx_hal_tim.c 0x00000000   Number         0  stm32f0xx_hal_tim.o ABSOLUTE
    ..\Drivers\STM32F0xx_HAL_Driver\Src\stm32f0xx_hal_tim_ex.c 0x00000000   Number         0  stm32f0xx_hal_tim_ex.o ABSOLUTE
    ..\Src\main.c                            0x00000000   Number         0  main.o ABSOLUTE
    ..\Src\stm32f0xx_hal_msp.c               0x00000000   Number         0  stm32f0xx_hal_msp.o ABSOLUTE
    ..\Src\stm32f0xx_it.c                    0x00000000   Number         0  stm32f0xx_it.o ABSOLUTE
    cfcmple.s                                0x00000000   Number         0  cfcmple.o ABSOLUTE
    cfrcmple.s                               0x00000000   Number         0  cfrcmple.o ABSOLUTE
    dc.s                                     0x00000000   Number         0  dc.o ABSOLUTE
    handlers.s                               0x00000000   Number         0  handlers.o ABSOLUTE
    init.s                                   0x00000000   Number         0  init.o ABSOLUTE
    startup_stm32f042x6.s                    0x00000000   Number         0  startup_stm32f042x6.o ABSOLUTE
    RESET                                    0x08000000   Section      192  startup_stm32f042x6.o(RESET)
    .ARM.Collect$$$$00000000                 0x080000c0   Section        0  entry.o(.ARM.Collect$$$$00000000)
    .ARM.Collect$$$$00000001                 0x080000c0   Section        4  entry2.o(.ARM.Collect$$$$00000001)
    .ARM.Collect$$$$00000004                 0x080000c4   Section        4  entry5.o(.ARM.Collect$$$$00000004)
    .ARM.Collect$$$$00000008                 0x080000c8   Section        0  entry7b.o(.ARM.Collect$$$$00000008)
    .ARM.Collect$$$$0000000A                 0x080000c8   Section        0  entry8b.o(.ARM.Collect$$$$0000000A)
    .ARM.Collect$$$$0000000B                 0x080000c8   Section        8  entry9a.o(.ARM.Collect$$$$0000000B)
    .ARM.Collect$$$$0000000D                 0x080000d0   Section        0  entry10a.o(.ARM.Collect$$$$0000000D)
    .ARM.Collect$$$$0000000F                 0x080000d0   Section        0  entry11a.o(.ARM.Collect$$$$0000000F)
    .ARM.Collect$$$$00002712                 0x080000d0   Section        4  entry2.o(.ARM.Collect$$$$00002712)
    __lit__00000000                          0x080000d0   Data           4  entry2.o(.ARM.Collect$$$$00002712)
    .text                                    0x080000d4   Section       88  startup_stm32f042x6.o(.text)
    .text                                    0x0800012c   Section        0  uidiv.o(.text)
    .text                                    0x08000158   Section        0  llushr.o(.text)
    .text                                    0x0800017a   Section        0  fadd.o(.text)
    .text                                    0x0800022c   Section        0  fmul.o(.text)
    .text                                    0x080002a6   Section        0  fdiv.o(.text)
    .text                                    0x08000322   Section        0  fscalb.o(.text)
    .text                                    0x0800033c   Section        0  dadd.o(.text)
    .text                                    0x080004a0   Section        0  dmul.o(.text)
    .text                                    0x08000570   Section        0  ddiv.o(.text)
    .text                                    0x08000660   Section        0  dscalb.o(.text)
    .text                                    0x0800068c   Section        0  fflti.o(.text)
    .text                                    0x080006a4   Section        0  dflti.o(.text)
    .text                                    0x080006cc   Section        0  dfltui.o(.text)
    .text                                    0x080006e8   Section        0  ffixi.o(.text)
    .text                                    0x0800071c   Section        0  dfixui.o(.text)
    .text                                    0x08000758   Section        0  f2d.o(.text)
    .text                                    0x08000780   Section        0  d2f.o(.text)
    .text                                    0x080007b8   Section       20  cfcmple.o(.text)
    .text                                    0x080007cc   Section       20  cfrcmple.o(.text)
    .text                                    0x080007e0   Section        0  llshl.o(.text)
    .text                                    0x08000800   Section        0  llsshr.o(.text)
    .text                                    0x08000826   Section        0  fepilogue.o(.text)
    .text                                    0x08000826   Section        0  iusefp.o(.text)
    .text                                    0x080008a8   Section        0  fsqrt.o(.text)
    .text                                    0x08000900   Section        0  depilogue.o(.text)
    .text                                    0x080009c0   Section       36  init.o(.text)
    i.AHRS                                   0x080009e4   Section        0  main.o(i.AHRS)
    i.Butterworth_filter                     0x08000cf0   Section        0  main.o(i.Butterworth_filter)
    i.EXTI0_1_IRQHandler                     0x08000d54   Section        0  stm32f0xx_it.o(i.EXTI0_1_IRQHandler)
    i.HAL_Delay                              0x08000d5e   Section        0  stm32f0xx_hal.o(i.HAL_Delay)
    i.HAL_GPIO_EXTI_Callback                 0x08000d74   Section        0  main.o(i.HAL_GPIO_EXTI_Callback)
    i.HAL_GPIO_EXTI_IRQHandler               0x08000d80   Section        0  stm32f0xx_hal_gpio.o(i.HAL_GPIO_EXTI_IRQHandler)
    i.HAL_GPIO_Init                          0x08000d98   Section        0  stm32f0xx_hal_gpio.o(i.HAL_GPIO_Init)
    i.HAL_GPIO_TogglePin                     0x08000ed4   Section        0  stm32f0xx_hal_gpio.o(i.HAL_GPIO_TogglePin)
    i.HAL_GPIO_WritePin                      0x08000edc   Section        0  stm32f0xx_hal_gpio.o(i.HAL_GPIO_WritePin)
    i.HAL_GetTick                            0x08000ee8   Section        0  stm32f0xx_hal.o(i.HAL_GetTick)
    i.HAL_I2CEx_ConfigAnalogFilter           0x08000ef4   Section        0  stm32f0xx_hal_i2c_ex.o(i.HAL_I2CEx_ConfigAnalogFilter)
    i.HAL_I2C_Init                           0x08000f40   Section        0  stm32f0xx_hal_i2c.o(i.HAL_I2C_Init)
    i.HAL_I2C_Mem_Read                       0x08000fe8   Section        0  stm32f0xx_hal_i2c.o(i.HAL_I2C_Mem_Read)
    i.HAL_I2C_Mem_Write                      0x08001140   Section        0  stm32f0xx_hal_i2c.o(i.HAL_I2C_Mem_Write)
    i.HAL_I2C_MspInit                        0x08001294   Section        0  stm32f0xx_hal_msp.o(i.HAL_I2C_MspInit)
    i.HAL_IncTick                            0x080012dc   Section        0  stm32f0xx_hal.o(i.HAL_IncTick)
    i.HAL_Init                               0x080012ec   Section        0  stm32f0xx_hal.o(i.HAL_Init)
    i.HAL_InitTick                           0x0800130c   Section        0  stm32f0xx_hal.o(i.HAL_InitTick)
    i.HAL_MspInit                            0x08001330   Section        0  stm32f0xx_hal_msp.o(i.HAL_MspInit)
    i.HAL_NVIC_EnableIRQ                     0x08001378   Section        0  stm32f0xx_hal_cortex.o(i.HAL_NVIC_EnableIRQ)
    i.HAL_NVIC_SetPriority                   0x0800138c   Section        0  stm32f0xx_hal_cortex.o(i.HAL_NVIC_SetPriority)
    i.HAL_PWREx_Vddio2MonitorCallback        0x08001394   Section        0  stm32f0xx_hal_pwr_ex.o(i.HAL_PWREx_Vddio2MonitorCallback)
    i.HAL_PWREx_Vddio2Monitor_IRQHandler     0x08001398   Section        0  stm32f0xx_hal_pwr_ex.o(i.HAL_PWREx_Vddio2Monitor_IRQHandler)
    i.HAL_PWR_PVDCallback                    0x080013b0   Section        0  stm32f0xx_hal_pwr_ex.o(i.HAL_PWR_PVDCallback)
    i.HAL_PWR_PVD_IRQHandler                 0x080013b4   Section        0  stm32f0xx_hal_pwr_ex.o(i.HAL_PWR_PVD_IRQHandler)
    i.HAL_RCCEx_PeriphCLKConfig              0x080013d0   Section        0  stm32f0xx_hal_rcc_ex.o(i.HAL_RCCEx_PeriphCLKConfig)
    i.HAL_RCC_ClockConfig                    0x080014dc   Section        0  stm32f0xx_hal_rcc.o(i.HAL_RCC_ClockConfig)
    i.HAL_RCC_GetHCLKFreq                    0x08001630   Section        0  stm32f0xx_hal_rcc.o(i.HAL_RCC_GetHCLKFreq)
    i.HAL_RCC_GetSysClockFreq                0x0800163c   Section        0  stm32f0xx_hal_rcc.o(i.HAL_RCC_GetSysClockFreq)
    i.HAL_RCC_OscConfig                      0x080016c4   Section        0  stm32f0xx_hal_rcc.o(i.HAL_RCC_OscConfig)
    i.HAL_SPI_ErrorCallback                  0x08001a9c   Section        0  main.o(i.HAL_SPI_ErrorCallback)
    i.HAL_SPI_IRQHandler                     0x08001ab8   Section        0  stm32f0xx_hal_spi.o(i.HAL_SPI_IRQHandler)
    i.HAL_SPI_Init                           0x08001b44   Section        0  stm32f0xx_hal_spi.o(i.HAL_SPI_Init)
    i.HAL_SPI_MspInit                        0x08001c14   Section        0  stm32f0xx_hal_msp.o(i.HAL_SPI_MspInit)
    i.HAL_SPI_Receive_IT                     0x08001c80   Section        0  stm32f0xx_hal_spi.o(i.HAL_SPI_Receive_IT)
    i.HAL_SPI_RxCpltCallback                 0x08001d7c   Section        0  main.o(i.HAL_SPI_RxCpltCallback)
    i.HAL_SPI_TransmitReceive_IT             0x08001e6c   Section        0  stm32f0xx_hal_spi.o(i.HAL_SPI_TransmitReceive_IT)
    i.HAL_SPI_TxRxCpltCallback               0x08001f80   Section        0  stm32f0xx_hal_spi.o(i.HAL_SPI_TxRxCpltCallback)
    i.HAL_SYSTICK_CLKSourceConfig            0x08001f84   Section        0  stm32f0xx_hal_cortex.o(i.HAL_SYSTICK_CLKSourceConfig)
    i.HAL_SYSTICK_Callback                   0x08001f9c   Section        0  stm32f0xx_hal_cortex.o(i.HAL_SYSTICK_Callback)
    i.HAL_SYSTICK_Config                     0x08001fa0   Section        0  stm32f0xx_hal_cortex.o(i.HAL_SYSTICK_Config)
    i.HAL_SYSTICK_IRQHandler                 0x08001fd0   Section        0  stm32f0xx_hal_cortex.o(i.HAL_SYSTICK_IRQHandler)
    i.HAL_TIMEx_ConfigBreakDeadTime          0x08001fd8   Section        0  stm32f0xx_hal_tim_ex.o(i.HAL_TIMEx_ConfigBreakDeadTime)
    i.HAL_TIMEx_MasterConfigSynchronization  0x08002014   Section        0  stm32f0xx_hal_tim_ex.o(i.HAL_TIMEx_MasterConfigSynchronization)
    i.HAL_TIM_MspPostInit                    0x0800205c   Section        0  stm32f0xx_hal_msp.o(i.HAL_TIM_MspPostInit)
    i.HAL_TIM_PWM_ConfigChannel              0x080020ac   Section        0  stm32f0xx_hal_tim.o(i.HAL_TIM_PWM_ConfigChannel)
    i.HAL_TIM_PWM_Init                       0x0800217c   Section        0  stm32f0xx_hal_tim.o(i.HAL_TIM_PWM_Init)
    i.HAL_TIM_PWM_MspInit                    0x080021b0   Section        0  stm32f0xx_hal_msp.o(i.HAL_TIM_PWM_MspInit)
    i.HAL_TIM_PWM_Start                      0x080021ec   Section        0  stm32f0xx_hal_tim.o(i.HAL_TIM_PWM_Start)
    i.HardFault_Handler                      0x08002230   Section        0  stm32f0xx_it.o(i.HardFault_Handler)
    i.I2C_Flush_TXDR                         0x08002232   Section        0  stm32f0xx_hal_i2c.o(i.I2C_Flush_TXDR)
    I2C_Flush_TXDR                           0x08002233   Thumb Code    34  stm32f0xx_hal_i2c.o(i.I2C_Flush_TXDR)
    i.I2C_IsAcknowledgeFailed                0x08002254   Section        0  stm32f0xx_hal_i2c.o(i.I2C_IsAcknowledgeFailed)
    I2C_IsAcknowledgeFailed                  0x08002255   Thumb Code   110  stm32f0xx_hal_i2c.o(i.I2C_IsAcknowledgeFailed)
    i.I2C_RequestMemoryRead                  0x080022c8   Section        0  stm32f0xx_hal_i2c.o(i.I2C_RequestMemoryRead)
    I2C_RequestMemoryRead                    0x080022c9   Thumb Code   106  stm32f0xx_hal_i2c.o(i.I2C_RequestMemoryRead)
    i.I2C_RequestMemoryWrite                 0x08002332   Section        0  stm32f0xx_hal_i2c.o(i.I2C_RequestMemoryWrite)
    I2C_RequestMemoryWrite                   0x08002333   Thumb Code   106  stm32f0xx_hal_i2c.o(i.I2C_RequestMemoryWrite)
    i.I2C_TransferConfig                     0x0800239c   Section        0  stm32f0xx_hal_i2c.o(i.I2C_TransferConfig)
    I2C_TransferConfig                       0x0800239d   Thumb Code    30  stm32f0xx_hal_i2c.o(i.I2C_TransferConfig)
    i.I2C_WaitOnFlagUntilTimeout             0x080023c0   Section        0  stm32f0xx_hal_i2c.o(i.I2C_WaitOnFlagUntilTimeout)
    I2C_WaitOnFlagUntilTimeout               0x080023c1   Thumb Code    72  stm32f0xx_hal_i2c.o(i.I2C_WaitOnFlagUntilTimeout)
    i.I2C_WaitOnSTOPFlagUntilTimeout         0x08002408   Section        0  stm32f0xx_hal_i2c.o(i.I2C_WaitOnSTOPFlagUntilTimeout)
    I2C_WaitOnSTOPFlagUntilTimeout           0x08002409   Thumb Code    78  stm32f0xx_hal_i2c.o(i.I2C_WaitOnSTOPFlagUntilTimeout)
    i.I2C_WaitOnTXISFlagUntilTimeout         0x08002456   Section        0  stm32f0xx_hal_i2c.o(i.I2C_WaitOnTXISFlagUntilTimeout)
    I2C_WaitOnTXISFlagUntilTimeout           0x08002457   Thumb Code    82  stm32f0xx_hal_i2c.o(i.I2C_WaitOnTXISFlagUntilTimeout)
    i.Initial_MPU6050                        0x080024a8   Section        0  main.o(i.Initial_MPU6050)
    i.MPU6050_WriteBit                       0x08002554   Section        0  main.o(i.MPU6050_WriteBit)
    i.MPU6050_WriteBits                      0x080025a4   Section        0  main.o(i.MPU6050_WriteBits)
    i.MX_GPIO_Init                           0x080025f8   Section        0  main.o(i.MX_GPIO_Init)
    MX_GPIO_Init                             0x080025f9   Thumb Code   122  main.o(i.MX_GPIO_Init)
    i.MX_I2C1_Init                           0x08002680   Section        0  main.o(i.MX_I2C1_Init)
    MX_I2C1_Init                             0x08002681   Thumb Code    56  main.o(i.MX_I2C1_Init)
    i.MX_SPI1_Init                           0x080026c4   Section        0  main.o(i.MX_SPI1_Init)
    MX_SPI1_Init                             0x080026c5   Thumb Code    52  main.o(i.MX_SPI1_Init)
    i.MX_TIM1_Init                           0x08002700   Section        0  main.o(i.MX_TIM1_Init)
    MX_TIM1_Init                             0x08002701   Thumb Code   124  main.o(i.MX_TIM1_Init)
    i.MX_TIM3_Init                           0x08002784   Section        0  main.o(i.MX_TIM3_Init)
    MX_TIM3_Init                             0x08002785   Thumb Code    84  main.o(i.MX_TIM3_Init)
    i.NMI_Handler                            0x080027e0   Section        0  stm32f0xx_it.o(i.NMI_Handler)
    i.NVIC_SetPriority                       0x080027e4   Section        0  stm32f0xx_hal_cortex.o(i.NVIC_SetPriority)
    NVIC_SetPriority                         0x080027e5   Thumb Code    60  stm32f0xx_hal_cortex.o(i.NVIC_SetPriority)
    i.PID_controller                         0x08002828   Section        0  main.o(i.PID_controller)
    i.PVD_VDDIO2_IRQHandler                  0x0800292c   Section        0  stm32f0xx_it.o(i.PVD_VDDIO2_IRQHandler)
    i.PWMControl                             0x08002938   Section        0  main.o(i.PWMControl)
    PWMControl                               0x08002939   Thumb Code   324  main.o(i.PWMControl)
    i.PendSV_Handler                         0x08002a94   Section        0  stm32f0xx_it.o(i.PendSV_Handler)
    i.Read_MPU6050                           0x08002a98   Section        0  main.o(i.Read_MPU6050)
    i.SPI1_IRQHandler                        0x08002bd0   Section        0  stm32f0xx_it.o(i.SPI1_IRQHandler)
    i.SPI_2linesRxISR_16BIT                  0x08002be0   Section        0  stm32f0xx_hal_spi.o(i.SPI_2linesRxISR_16BIT)
    SPI_2linesRxISR_16BIT                    0x08002be1   Thumb Code    70  stm32f0xx_hal_spi.o(i.SPI_2linesRxISR_16BIT)
    i.SPI_2linesRxISR_16BITCRC               0x08002c2c   Section        0  stm32f0xx_hal_spi.o(i.SPI_2linesRxISR_16BITCRC)
    SPI_2linesRxISR_16BITCRC                 0x08002c2d   Thumb Code    26  stm32f0xx_hal_spi.o(i.SPI_2linesRxISR_16BITCRC)
    i.SPI_2linesRxISR_8BIT                   0x08002c48   Section        0  stm32f0xx_hal_spi.o(i.SPI_2linesRxISR_8BIT)
    SPI_2linesRxISR_8BIT                     0x08002c49   Thumb Code   114  stm32f0xx_hal_spi.o(i.SPI_2linesRxISR_8BIT)
    i.SPI_2linesRxISR_8BITCRC                0x08002cc0   Section        0  stm32f0xx_hal_spi.o(i.SPI_2linesRxISR_8BITCRC)
    SPI_2linesRxISR_8BITCRC                  0x08002cc1   Thumb Code    40  stm32f0xx_hal_spi.o(i.SPI_2linesRxISR_8BITCRC)
    i.SPI_2linesTxISR_16BIT                  0x08002ce8   Section        0  stm32f0xx_hal_spi.o(i.SPI_2linesTxISR_16BIT)
    SPI_2linesTxISR_16BIT                    0x08002ce9   Thumb Code    80  stm32f0xx_hal_spi.o(i.SPI_2linesTxISR_16BIT)
    i.SPI_2linesTxISR_8BIT                   0x08002d38   Section        0  stm32f0xx_hal_spi.o(i.SPI_2linesTxISR_8BIT)
    SPI_2linesTxISR_8BIT                     0x08002d39   Thumb Code   100  stm32f0xx_hal_spi.o(i.SPI_2linesTxISR_8BIT)
    i.SPI_CloseRxTx_ISR                      0x08002d9c   Section        0  stm32f0xx_hal_spi.o(i.SPI_CloseRxTx_ISR)
    SPI_CloseRxTx_ISR                        0x08002d9d   Thumb Code   104  stm32f0xx_hal_spi.o(i.SPI_CloseRxTx_ISR)
    i.SPI_CloseRx_ISR                        0x08002e08   Section        0  stm32f0xx_hal_spi.o(i.SPI_CloseRx_ISR)
    SPI_CloseRx_ISR                          0x08002e09   Thumb Code    86  stm32f0xx_hal_spi.o(i.SPI_CloseRx_ISR)
    i.SPI_EndRxTransaction                   0x08002e64   Section        0  stm32f0xx_hal_spi.o(i.SPI_EndRxTransaction)
    SPI_EndRxTransaction                     0x08002e65   Thumb Code   110  stm32f0xx_hal_spi.o(i.SPI_EndRxTransaction)
    i.SPI_EndRxTxTransaction                 0x08002ed2   Section        0  stm32f0xx_hal_spi.o(i.SPI_EndRxTxTransaction)
    SPI_EndRxTxTransaction                   0x08002ed3   Thumb Code    50  stm32f0xx_hal_spi.o(i.SPI_EndRxTxTransaction)
    i.SPI_RxISR_16BIT                        0x08002f04   Section        0  stm32f0xx_hal_spi.o(i.SPI_RxISR_16BIT)
    SPI_RxISR_16BIT                          0x08002f05   Thumb Code    76  stm32f0xx_hal_spi.o(i.SPI_RxISR_16BIT)
    i.SPI_RxISR_16BITCRC                     0x08002f54   Section        0  stm32f0xx_hal_spi.o(i.SPI_RxISR_16BITCRC)
    SPI_RxISR_16BITCRC                       0x08002f55   Thumb Code    26  stm32f0xx_hal_spi.o(i.SPI_RxISR_16BITCRC)
    i.SPI_RxISR_8BIT                         0x08002f70   Section        0  stm32f0xx_hal_spi.o(i.SPI_RxISR_8BIT)
    SPI_RxISR_8BIT                           0x08002f71   Thumb Code    74  stm32f0xx_hal_spi.o(i.SPI_RxISR_8BIT)
    i.SPI_RxISR_8BITCRC                      0x08002fc0   Section        0  stm32f0xx_hal_spi.o(i.SPI_RxISR_8BITCRC)
    SPI_RxISR_8BITCRC                        0x08002fc1   Thumb Code    26  stm32f0xx_hal_spi.o(i.SPI_RxISR_8BITCRC)
    i.SPI_WaitFifoStateUntilTimeout          0x08002fdc   Section        0  stm32f0xx_hal_spi.o(i.SPI_WaitFifoStateUntilTimeout)
    SPI_WaitFifoStateUntilTimeout            0x08002fdd   Thumb Code   158  stm32f0xx_hal_spi.o(i.SPI_WaitFifoStateUntilTimeout)
    i.SPI_WaitFlagStateUntilTimeout          0x08003080   Section        0  stm32f0xx_hal_spi.o(i.SPI_WaitFlagStateUntilTimeout)
    SPI_WaitFlagStateUntilTimeout            0x08003081   Thumb Code   138  stm32f0xx_hal_spi.o(i.SPI_WaitFlagStateUntilTimeout)
    i.SVC_Handler                            0x08003110   Section        0  stm32f0xx_it.o(i.SVC_Handler)
    i.Smooth_filter                          0x08003112   Section        0  main.o(i.Smooth_filter)
    i.SysTick_Handler                        0x08003130   Section        0  stm32f0xx_it.o(i.SysTick_Handler)
    i.SystemClock_Config                     0x0800313c   Section        0  main.o(i.SystemClock_Config)
    i.SystemInit                             0x080031b0   Section        0  system_stm32f0xx.o(i.SystemInit)
    i.TIM_Base_SetConfig                     0x0800320c   Section        0  stm32f0xx_hal_tim.o(i.TIM_Base_SetConfig)
    i.TIM_CCxChannelCmd                      0x08003288   Section        0  stm32f0xx_hal_tim.o(i.TIM_CCxChannelCmd)
    i.TIM_OC1_SetConfig                      0x080032a0   Section        0  stm32f0xx_hal_tim.o(i.TIM_OC1_SetConfig)
    TIM_OC1_SetConfig                        0x080032a1   Thumb Code   108  stm32f0xx_hal_tim.o(i.TIM_OC1_SetConfig)
    i.TIM_OC2_SetConfig                      0x08003318   Section        0  stm32f0xx_hal_tim.o(i.TIM_OC2_SetConfig)
    i.TIM_OC3_SetConfig                      0x0800338c   Section        0  stm32f0xx_hal_tim.o(i.TIM_OC3_SetConfig)
    TIM_OC3_SetConfig                        0x0800338d   Thumb Code   106  stm32f0xx_hal_tim.o(i.TIM_OC3_SetConfig)
    i.TIM_OC4_SetConfig                      0x08003404   Section        0  stm32f0xx_hal_tim.o(i.TIM_OC4_SetConfig)
    TIM_OC4_SetConfig                        0x08003405   Thumb Code    84  stm32f0xx_hal_tim.o(i.TIM_OC4_SetConfig)
    i.__ARM_clz                              0x08003464   Section        0  depilogue.o(i.__ARM_clz)
    i.__mathlib_flt_infnan                   0x08003492   Section        0  funder.o(i.__mathlib_flt_infnan)
    i.__mathlib_flt_invalid                  0x0800349c   Section        0  funder.o(i.__mathlib_flt_invalid)
    i.__scatterload_copy                     0x080034a8   Section       14  handlers.o(i.__scatterload_copy)
    i.__scatterload_null                     0x080034b6   Section        2  handlers.o(i.__scatterload_null)
    i.__scatterload_zeroinit                 0x080034b8   Section       14  handlers.o(i.__scatterload_zeroinit)
    i.__set_errno                            0x080034c8   Section        0  errno.o(i.__set_errno)
    i.abs_user                               0x080034d4   Section        0  main.o(i.abs_user)
    i.acosf                                  0x080034e4   Section        0  acosf.o(i.acosf)
    i.constrain                              0x080035f0   Section        0  main.o(i.constrain)
    i.getRCcommand                           0x08003610   Section        0  main.o(i.getRCcommand)
    i.imuComputeRotationMatrix               0x08003664   Section        0  main.o(i.imuComputeRotationMatrix)
    i.invSqrt                                0x08003778   Section        0  main.o(i.invSqrt)
    i.main                                   0x0800378c   Section        0  main.o(i.main)
    i.sq                                     0x08003954   Section        0  main.o(i.sq)
    i.sqrtf                                  0x0800395e   Section        0  sqrtf.o(i.sqrtf)
    .constdata                               0x0800398a   Section       16  system_stm32f0xx.o(.constdata)
    .data                                    0x20000000   Section      160  main.o(.data)
    ld_blink                                 0x20000005   Data           1  main.o(.data)
    count                                    0x20000006   Data           1  main.o(.data)
    command_code                             0x20000007   Data           1  main.o(.data)
    .data                                    0x200000a0   Section        4  stm32f0xx_hal.o(.data)
    .data                                    0x200000a4   Section        4  system_stm32f0xx.o(.data)
    .data                                    0x200000a8   Section        4  errno.o(.data)
    _errno                                   0x200000a8   Data           4  errno.o(.data)
    .bss                                     0x200000ac   Section      448  main.o(.bss)
    STACK                                    0x20000270   Section     1024  startup_stm32f042x6.o(STACK)

    Global Symbols

    Symbol Name                              Value     Ov Type        Size  Object(Section)

    BuildAttributes$$THM_ISAv3M$S$PE$A:L22$X:L11$S22$IEEE1$IW$USESV6$~STKCKD$USESV7$~SHL$OTIME$ROPI$IEEEX$EBA8$MICROLIB$REQ8$PRES8$EABIv2 0x00000000   Number         0  anon$$obj.o ABSOLUTE
    __ARM_use_no_argv                        0x00000000   Number         0  main.o ABSOLUTE
    __cpp_initialize__aeabi_                  - Undefined Weak Reference
    __cxa_finalize                            - Undefined Weak Reference
    __decompress                              - Undefined Weak Reference
    _clock_init                               - Undefined Weak Reference
    _microlib_exit                            - Undefined Weak Reference
    __Vectors_Size                           0x000000c0   Number         0  startup_stm32f042x6.o ABSOLUTE
    __Vectors                                0x08000000   Data           4  startup_stm32f042x6.o(RESET)
    __Vectors_End                            0x080000c0   Data           0  startup_stm32f042x6.o(RESET)
    __main                                   0x080000c1   Thumb Code     0  entry.o(.ARM.Collect$$$$00000000)
    _main_stk                                0x080000c1   Thumb Code     0  entry2.o(.ARM.Collect$$$$00000001)
    _main_scatterload                        0x080000c5   Thumb Code     0  entry5.o(.ARM.Collect$$$$00000004)
    __main_after_scatterload                 0x080000c9   Thumb Code     0  entry5.o(.ARM.Collect$$$$00000004)
    _main_clock                              0x080000c9   Thumb Code     0  entry7b.o(.ARM.Collect$$$$00000008)
    _main_cpp_init                           0x080000c9   Thumb Code     0  entry8b.o(.ARM.Collect$$$$0000000A)
    _main_init                               0x080000c9   Thumb Code     0  entry9a.o(.ARM.Collect$$$$0000000B)
    __rt_final_cpp                           0x080000d1   Thumb Code     0  entry10a.o(.ARM.Collect$$$$0000000D)
    __rt_final_exit                          0x080000d1   Thumb Code     0  entry11a.o(.ARM.Collect$$$$0000000F)
    Reset_Handler                            0x080000d5   Thumb Code    38  startup_stm32f042x6.o(.text)
    ADC1_IRQHandler                          0x08000105   Thumb Code     0  startup_stm32f042x6.o(.text)
    CEC_CAN_IRQHandler                       0x08000105   Thumb Code     0  startup_stm32f042x6.o(.text)
    DMA1_Channel1_IRQHandler                 0x08000105   Thumb Code     0  startup_stm32f042x6.o(.text)
    DMA1_Channel2_3_IRQHandler               0x08000105   Thumb Code     0  startup_stm32f042x6.o(.text)
    DMA1_Channel4_5_IRQHandler               0x08000105   Thumb Code     0  startup_stm32f042x6.o(.text)
    EXTI2_3_IRQHandler                       0x08000105   Thumb Code     0  startup_stm32f042x6.o(.text)
    EXTI4_15_IRQHandler                      0x08000105   Thumb Code     0  startup_stm32f042x6.o(.text)
    FLASH_IRQHandler                         0x08000105   Thumb Code     0  startup_stm32f042x6.o(.text)
    I2C1_IRQHandler                          0x08000105   Thumb Code     0  startup_stm32f042x6.o(.text)
    RCC_CRS_IRQHandler                       0x08000105   Thumb Code     0  startup_stm32f042x6.o(.text)
    RTC_IRQHandler                           0x08000105   Thumb Code     0  startup_stm32f042x6.o(.text)
    SPI2_IRQHandler                          0x08000105   Thumb Code     0  startup_stm32f042x6.o(.text)
    TIM14_IRQHandler                         0x08000105   Thumb Code     0  startup_stm32f042x6.o(.text)
    TIM16_IRQHandler                         0x08000105   Thumb Code     0  startup_stm32f042x6.o(.text)
    TIM17_IRQHandler                         0x08000105   Thumb Code     0  startup_stm32f042x6.o(.text)
    TIM1_BRK_UP_TRG_COM_IRQHandler           0x08000105   Thumb Code     0  startup_stm32f042x6.o(.text)
    TIM1_CC_IRQHandler                       0x08000105   Thumb Code     0  startup_stm32f042x6.o(.text)
    TIM2_IRQHandler                          0x08000105   Thumb Code     0  startup_stm32f042x6.o(.text)
    TIM3_IRQHandler                          0x08000105   Thumb Code     0  startup_stm32f042x6.o(.text)
    TSC_IRQHandler                           0x08000105   Thumb Code     0  startup_stm32f042x6.o(.text)
    USART1_IRQHandler                        0x08000105   Thumb Code     0  startup_stm32f042x6.o(.text)
    USART2_IRQHandler                        0x08000105   Thumb Code     0  startup_stm32f042x6.o(.text)
    USB_IRQHandler                           0x08000105   Thumb Code     0  startup_stm32f042x6.o(.text)
    WWDG_IRQHandler                          0x08000105   Thumb Code     0  startup_stm32f042x6.o(.text)
    __aeabi_uidiv                            0x0800012d   Thumb Code     0  uidiv.o(.text)
    __aeabi_uidivmod                         0x0800012d   Thumb Code    44  uidiv.o(.text)
    __aeabi_llsr                             0x08000159   Thumb Code    34  llushr.o(.text)
    _ll_ushift_r                             0x08000159   Thumb Code     0  llushr.o(.text)
    __aeabi_fadd                             0x0800017b   Thumb Code   162  fadd.o(.text)
    __aeabi_fsub                             0x0800021d   Thumb Code     8  fadd.o(.text)
    __aeabi_frsub                            0x08000225   Thumb Code     8  fadd.o(.text)
    __aeabi_fmul                             0x0800022d   Thumb Code   122  fmul.o(.text)
    __aeabi_fdiv                             0x080002a7   Thumb Code   124  fdiv.o(.text)
    __ARM_scalbnf                            0x08000323   Thumb Code    24  fscalb.o(.text)
    scalbnf                                  0x08000323   Thumb Code     0  fscalb.o(.text)
    __aeabi_dadd                             0x0800033d   Thumb Code   328  dadd.o(.text)
    __aeabi_dsub                             0x08000485   Thumb Code    12  dadd.o(.text)
    __aeabi_drsub                            0x08000491   Thumb Code    12  dadd.o(.text)
    __aeabi_dmul                             0x080004a1   Thumb Code   202  dmul.o(.text)
    __aeabi_ddiv                             0x08000571   Thumb Code   234  ddiv.o(.text)
    __ARM_scalbn                             0x08000661   Thumb Code    44  dscalb.o(.text)
    scalbn                                   0x08000661   Thumb Code     0  dscalb.o(.text)
    __aeabi_i2f                              0x0800068d   Thumb Code    22  fflti.o(.text)
    __aeabi_i2d                              0x080006a5   Thumb Code    34  dflti.o(.text)
    __aeabi_ui2d                             0x080006cd   Thumb Code    24  dfltui.o(.text)
    __aeabi_f2iz                             0x080006e9   Thumb Code    50  ffixi.o(.text)
    __aeabi_d2uiz                            0x0800071d   Thumb Code    50  dfixui.o(.text)
    __aeabi_f2d                              0x08000759   Thumb Code    40  f2d.o(.text)
    __aeabi_d2f                              0x08000781   Thumb Code    56  d2f.o(.text)
    __aeabi_cfcmpeq                          0x080007b9   Thumb Code     0  cfcmple.o(.text)
    __aeabi_cfcmple                          0x080007b9   Thumb Code    20  cfcmple.o(.text)
    __aeabi_cfrcmple                         0x080007cd   Thumb Code    20  cfrcmple.o(.text)
    __aeabi_llsl                             0x080007e1   Thumb Code    32  llshl.o(.text)
    _ll_shift_l                              0x080007e1   Thumb Code     0  llshl.o(.text)
    __aeabi_lasr                             0x08000801   Thumb Code    38  llsshr.o(.text)
    _ll_sshift_r                             0x08000801   Thumb Code     0  llsshr.o(.text)
    __I$use$fp                               0x08000827   Thumb Code     0  iusefp.o(.text)
    _float_round                             0x08000827   Thumb Code    16  fepilogue.o(.text)
    _float_epilogue                          0x08000837   Thumb Code   114  fepilogue.o(.text)
    _fsqrt                                   0x080008a9   Thumb Code    88  fsqrt.o(.text)
    _double_round                            0x08000901   Thumb Code    26  depilogue.o(.text)
    _double_epilogue                         0x0800091b   Thumb Code   164  depilogue.o(.text)
    __scatterload                            0x080009c1   Thumb Code    28  init.o(.text)
    __scatterload_rt2                        0x080009c1   Thumb Code     0  init.o(.text)
    AHRS                                     0x080009e5   Thumb Code   744  main.o(i.AHRS)
    Butterworth_filter                       0x08000cf1   Thumb Code    88  main.o(i.Butterworth_filter)
    EXTI0_1_IRQHandler                       0x08000d55   Thumb Code    10  stm32f0xx_it.o(i.EXTI0_1_IRQHandler)
    HAL_Delay                                0x08000d5f   Thumb Code    22  stm32f0xx_hal.o(i.HAL_Delay)
    HAL_GPIO_EXTI_Callback                   0x08000d75   Thumb Code     8  main.o(i.HAL_GPIO_EXTI_Callback)
    HAL_GPIO_EXTI_IRQHandler                 0x08000d81   Thumb Code    18  stm32f0xx_hal_gpio.o(i.HAL_GPIO_EXTI_IRQHandler)
    HAL_GPIO_Init                            0x08000d99   Thumb Code   294  stm32f0xx_hal_gpio.o(i.HAL_GPIO_Init)
    HAL_GPIO_TogglePin                       0x08000ed5   Thumb Code     8  stm32f0xx_hal_gpio.o(i.HAL_GPIO_TogglePin)
    HAL_GPIO_WritePin                        0x08000edd   Thumb Code    12  stm32f0xx_hal_gpio.o(i.HAL_GPIO_WritePin)
    HAL_GetTick                              0x08000ee9   Thumb Code     6  stm32f0xx_hal.o(i.HAL_GetTick)
    HAL_I2CEx_ConfigAnalogFilter             0x08000ef5   Thumb Code    74  stm32f0xx_hal_i2c_ex.o(i.HAL_I2CEx_ConfigAnalogFilter)
    HAL_I2C_Init                             0x08000f41   Thumb Code   164  stm32f0xx_hal_i2c.o(i.HAL_I2C_Init)
    HAL_I2C_Mem_Read                         0x08000fe9   Thumb Code   340  stm32f0xx_hal_i2c.o(i.HAL_I2C_Mem_Read)
    HAL_I2C_Mem_Write                        0x08001141   Thumb Code   334  stm32f0xx_hal_i2c.o(i.HAL_I2C_Mem_Write)
    HAL_I2C_MspInit                          0x08001295   Thumb Code    60  stm32f0xx_hal_msp.o(i.HAL_I2C_MspInit)
    HAL_IncTick                              0x080012dd   Thumb Code    10  stm32f0xx_hal.o(i.HAL_IncTick)
    HAL_Init                                 0x080012ed   Thumb Code    26  stm32f0xx_hal.o(i.HAL_Init)
    HAL_InitTick                             0x0800130d   Thumb Code    34  stm32f0xx_hal.o(i.HAL_InitTick)
    HAL_MspInit                              0x08001331   Thumb Code    66  stm32f0xx_hal_msp.o(i.HAL_MspInit)
    HAL_NVIC_EnableIRQ                       0x08001379   Thumb Code    14  stm32f0xx_hal_cortex.o(i.HAL_NVIC_EnableIRQ)
    HAL_NVIC_SetPriority                     0x0800138d   Thumb Code     8  stm32f0xx_hal_cortex.o(i.HAL_NVIC_SetPriority)
    HAL_PWREx_Vddio2MonitorCallback          0x08001395   Thumb Code     2  stm32f0xx_hal_pwr_ex.o(i.HAL_PWREx_Vddio2MonitorCallback)
    HAL_PWREx_Vddio2Monitor_IRQHandler       0x08001399   Thumb Code    20  stm32f0xx_hal_pwr_ex.o(i.HAL_PWREx_Vddio2Monitor_IRQHandler)
    HAL_PWR_PVDCallback                      0x080013b1   Thumb Code     2  stm32f0xx_hal_pwr_ex.o(i.HAL_PWR_PVDCallback)
    HAL_PWR_PVD_IRQHandler                   0x080013b5   Thumb Code    22  stm32f0xx_hal_pwr_ex.o(i.HAL_PWR_PVD_IRQHandler)
    HAL_RCCEx_PeriphCLKConfig                0x080013d1   Thumb Code   254  stm32f0xx_hal_rcc_ex.o(i.HAL_RCCEx_PeriphCLKConfig)
    HAL_RCC_ClockConfig                      0x080014dd   Thumb Code   320  stm32f0xx_hal_rcc.o(i.HAL_RCC_ClockConfig)
    HAL_RCC_GetHCLKFreq                      0x08001631   Thumb Code     6  stm32f0xx_hal_rcc.o(i.HAL_RCC_GetHCLKFreq)
    HAL_RCC_GetSysClockFreq                  0x0800163d   Thumb Code    90  stm32f0xx_hal_rcc.o(i.HAL_RCC_GetSysClockFreq)
    HAL_RCC_OscConfig                        0x080016c5   Thumb Code   966  stm32f0xx_hal_rcc.o(i.HAL_RCC_OscConfig)
    HAL_SPI_ErrorCallback                    0x08001a9d   Thumb Code    20  main.o(i.HAL_SPI_ErrorCallback)
    HAL_SPI_IRQHandler                       0x08001ab9   Thumb Code   138  stm32f0xx_hal_spi.o(i.HAL_SPI_IRQHandler)
    HAL_SPI_Init                             0x08001b45   Thumb Code   204  stm32f0xx_hal_spi.o(i.HAL_SPI_Init)
    HAL_SPI_MspInit                          0x08001c15   Thumb Code   100  stm32f0xx_hal_msp.o(i.HAL_SPI_MspInit)
    HAL_SPI_Receive_IT                       0x08001c81   Thumb Code   240  stm32f0xx_hal_spi.o(i.HAL_SPI_Receive_IT)
    HAL_SPI_RxCpltCallback                   0x08001d7d   Thumb Code   228  main.o(i.HAL_SPI_RxCpltCallback)
    HAL_SPI_TransmitReceive_IT               0x08001e6d   Thumb Code   256  stm32f0xx_hal_spi.o(i.HAL_SPI_TransmitReceive_IT)
    HAL_SPI_TxRxCpltCallback                 0x08001f81   Thumb Code     2  stm32f0xx_hal_spi.o(i.HAL_SPI_TxRxCpltCallback)
    HAL_SYSTICK_CLKSourceConfig              0x08001f85   Thumb Code    20  stm32f0xx_hal_cortex.o(i.HAL_SYSTICK_CLKSourceConfig)
    HAL_SYSTICK_Callback                     0x08001f9d   Thumb Code     2  stm32f0xx_hal_cortex.o(i.HAL_SYSTICK_Callback)
    HAL_SYSTICK_Config                       0x08001fa1   Thumb Code    38  stm32f0xx_hal_cortex.o(i.HAL_SYSTICK_Config)
    HAL_SYSTICK_IRQHandler                   0x08001fd1   Thumb Code     8  stm32f0xx_hal_cortex.o(i.HAL_SYSTICK_IRQHandler)
    HAL_TIMEx_ConfigBreakDeadTime            0x08001fd9   Thumb Code    60  stm32f0xx_hal_tim_ex.o(i.HAL_TIMEx_ConfigBreakDeadTime)
    HAL_TIMEx_MasterConfigSynchronization    0x08002015   Thumb Code    72  stm32f0xx_hal_tim_ex.o(i.HAL_TIMEx_MasterConfigSynchronization)
    HAL_TIM_MspPostInit                      0x0800205d   Thumb Code    68  stm32f0xx_hal_msp.o(i.HAL_TIM_MspPostInit)
    HAL_TIM_PWM_ConfigChannel                0x080020ad   Thumb Code   208  stm32f0xx_hal_tim.o(i.HAL_TIM_PWM_ConfigChannel)
    HAL_TIM_PWM_Init                         0x0800217d   Thumb Code    52  stm32f0xx_hal_tim.o(i.HAL_TIM_PWM_Init)
    HAL_TIM_PWM_MspInit                      0x080021b1   Thumb Code    46  stm32f0xx_hal_msp.o(i.HAL_TIM_PWM_MspInit)
    HAL_TIM_PWM_Start                        0x080021ed   Thumb Code    56  stm32f0xx_hal_tim.o(i.HAL_TIM_PWM_Start)
    HardFault_Handler                        0x08002231   Thumb Code     2  stm32f0xx_it.o(i.HardFault_Handler)
    Initial_MPU6050                          0x080024a9   Thumb Code   170  main.o(i.Initial_MPU6050)
    MPU6050_WriteBit                         0x08002555   Thumb Code    76  main.o(i.MPU6050_WriteBit)
    MPU6050_WriteBits                        0x080025a5   Thumb Code    80  main.o(i.MPU6050_WriteBits)
    NMI_Handler                              0x080027e1   Thumb Code     2  stm32f0xx_it.o(i.NMI_Handler)
    PID_controller                           0x08002829   Thumb Code   208  main.o(i.PID_controller)
    PVD_VDDIO2_IRQHandler                    0x0800292d   Thumb Code    12  stm32f0xx_it.o(i.PVD_VDDIO2_IRQHandler)
    PendSV_Handler                           0x08002a95   Thumb Code     2  stm32f0xx_it.o(i.PendSV_Handler)
    Read_MPU6050                             0x08002a99   Thumb Code   296  main.o(i.Read_MPU6050)
    SPI1_IRQHandler                          0x08002bd1   Thumb Code    10  stm32f0xx_it.o(i.SPI1_IRQHandler)
    SVC_Handler                              0x08003111   Thumb Code     2  stm32f0xx_it.o(i.SVC_Handler)
    Smooth_filter                            0x08003113   Thumb Code    30  main.o(i.Smooth_filter)
    SysTick_Handler                          0x08003131   Thumb Code    12  stm32f0xx_it.o(i.SysTick_Handler)
    SystemClock_Config                       0x0800313d   Thumb Code   114  main.o(i.SystemClock_Config)
    SystemInit                               0x080031b1   Thumb Code    78  system_stm32f0xx.o(i.SystemInit)
    TIM_Base_SetConfig                       0x0800320d   Thumb Code   104  stm32f0xx_hal_tim.o(i.TIM_Base_SetConfig)
    TIM_CCxChannelCmd                        0x08003289   Thumb Code    22  stm32f0xx_hal_tim.o(i.TIM_CCxChannelCmd)
    TIM_OC2_SetConfig                        0x08003319   Thumb Code   104  stm32f0xx_hal_tim.o(i.TIM_OC2_SetConfig)
    __ARM_clz                                0x08003465   Thumb Code    46  depilogue.o(i.__ARM_clz)
    __mathlib_flt_infnan                     0x08003493   Thumb Code    10  funder.o(i.__mathlib_flt_infnan)
    __mathlib_flt_invalid                    0x0800349d   Thumb Code    12  funder.o(i.__mathlib_flt_invalid)
    __scatterload_copy                       0x080034a9   Thumb Code    14  handlers.o(i.__scatterload_copy)
    __scatterload_null                       0x080034b7   Thumb Code     2  handlers.o(i.__scatterload_null)
    __scatterload_zeroinit                   0x080034b9   Thumb Code    14  handlers.o(i.__scatterload_zeroinit)
    __set_errno                              0x080034c9   Thumb Code     6  errno.o(i.__set_errno)
    abs_user                                 0x080034d5   Thumb Code    14  main.o(i.abs_user)
    acosf                                    0x080034e5   Thumb Code   228  acosf.o(i.acosf)
    constrain                                0x080035f1   Thumb Code    32  main.o(i.constrain)
    getRCcommand                             0x08003611   Thumb Code    74  main.o(i.getRCcommand)
    imuComputeRotationMatrix                 0x08003665   Thumb Code   266  main.o(i.imuComputeRotationMatrix)
    invSqrt                                  0x08003779   Thumb Code    18  main.o(i.invSqrt)
    main                                     0x0800378d   Thumb Code   396  main.o(i.main)
    sq                                       0x08003955   Thumb Code    10  main.o(i.sq)
    sqrtf                                    0x0800395f   Thumb Code    44  sqrtf.o(i.sqrtf)
    AHBPrescTable                            0x0800398a   Data          16  system_stm32f0xx.o(.constdata)
    Region$$Table$$Base                      0x0800399c   Number         0  anon$$obj.o(Region$$Table)
    Region$$Table$$Limit                     0x080039bc   Number         0  anon$$obj.o(Region$$Table)
    _function1_lock                          0x20000000   Data           1  main.o(.data)
    _function2_lock                          0x20000001   Data           1  main.o(.data)
    _Sampling_task_do                        0x20000002   Data           1  main.o(.data)
    Mode                                     0x20000003   Data           1  main.o(.data)
    spi_rx_data_index                        0x20000004   Data           1  main.o(.data)
    rawAccx_X                                0x20000008   Data           2  main.o(.data)
    rawAccx_Y                                0x2000000a   Data           2  main.o(.data)
    rawAccx_Z                                0x2000000c   Data           2  main.o(.data)
    rawGyrox_X                               0x2000000e   Data           2  main.o(.data)
    rawGyrox_Y                               0x20000010   Data           2  main.o(.data)
    rawGyrox_Z                               0x20000012   Data           2  main.o(.data)
    gx_diff                                  0x20000014   Data           2  main.o(.data)
    gy_diff                                  0x20000016   Data           2  main.o(.data)
    gz_diff                                  0x20000018   Data           2  main.o(.data)
    ax_diff                                  0x2000001a   Data           2  main.o(.data)
    ay_diff                                  0x2000001c   Data           2  main.o(.data)
    watchdog                                 0x2000001e   Data           2  main.o(.data)
    motor_A                                  0x20000020   Data           2  main.o(.data)
    motor_B                                  0x20000022   Data           2  main.o(.data)
    motor_C                                  0x20000024   Data           2  main.o(.data)
    motor_D                                  0x20000026   Data           2  main.o(.data)
    x                                        0x20000028   Data           2  main.o(.data)
    y1                                       0x2000002a   Data           2  main.o(.data)
    y2                                       0x2000002c   Data           2  main.o(.data)
    q_roll                                   0x2000002e   Data           2  main.o(.data)
    y_b1                                     0x20000030   Data           2  main.o(.data)
    y_b2                                     0x20000032   Data           2  main.o(.data)
    beta                                     0x20000034   Data           4  main.o(.data)
    q0                                       0x20000038   Data           4  main.o(.data)
    q1                                       0x2000003c   Data           4  main.o(.data)
    q2                                       0x20000040   Data           4  main.o(.data)
    q3                                       0x20000044   Data           4  main.o(.data)
    T_center                                 0x20000048   Data           4  main.o(.data)
    Error_roll                               0x2000004c   Data           4  main.o(.data)
    Sum_Error_roll                           0x20000050   Data           4  main.o(.data)
    D_Error_roll                             0x20000054   Data           4  main.o(.data)
    Del_roll                                 0x20000058   Data           4  main.o(.data)
    ref_t                                    0x2000005c   Data           4  main.o(.data)
    Kp_roll                                  0x20000060   Data           4  main.o(.data)
    Ki_roll                                  0x20000064   Data           4  main.o(.data)
    Kd_roll                                  0x20000068   Data           4  main.o(.data)
    Acc_start                                0x2000006c   Data           4  main.o(.data)
    ch1                                      0x20000070   Data           4  main.o(.data)
    ch2                                      0x20000074   Data           4  main.o(.data)
    ch3                                      0x20000078   Data           4  main.o(.data)
    ch4                                      0x2000007c   Data           4  main.o(.data)
    gyx_d                                    0x20000080   Data           4  main.o(.data)
    gyy_d                                    0x20000084   Data           4  main.o(.data)
    gyz_d                                    0x20000088   Data           4  main.o(.data)
    acx_d                                    0x2000008c   Data           4  main.o(.data)
    acy_d                                    0x20000090   Data           4  main.o(.data)
    butA_motor                               0x20000094   Data           4  main.o(.data)
    motor_1                                  0x20000098   Data           4  main.o(.data)
    motor_2                                  0x2000009c   Data           4  main.o(.data)
    uwTick                                   0x200000a0   Data           4  stm32f0xx_hal.o(.data)
    SystemCoreClock                          0x200000a4   Data           4  system_stm32f0xx.o(.data)
    rMat                                     0x200000ac   Data          36  main.o(.bss)
    spi_rx_data                              0x200000d0   Data          96  main.o(.bss)
    hi2c1                                    0x20000130   Data          76  main.o(.bss)
    hspi1                                    0x2000017c   Data         100  main.o(.bss)
    htim1                                    0x200001e0   Data          60  main.o(.bss)
    htim3                                    0x2000021c   Data          60  main.o(.bss)
    filed_yaw                                0x20000258   Data          20  main.o(.bss)
    __initial_sp                             0x20000670   Data           0  startup_stm32f042x6.o(STACK)



==============================================================================

Memory Map of the image

  Image Entry point : 0x080000c1

  Load Region LR_IROM1 (Base: 0x08000000, Size: 0x00003a68, Max: 0x00008000, ABSOLUTE)

    Execution Region ER_IROM1 (Base: 0x08000000, Size: 0x000039bc, Max: 0x00008000, ABSOLUTE)

    Base Addr    Size         Type   Attr      Idx    E Section Name        Object

    0x08000000   0x000000c0   Data   RO         3057    RESET               startup_stm32f042x6.o
    0x080000c0   0x00000000   Code   RO         3112  * .ARM.Collect$$$$00000000  mc_p.l(entry.o)
    0x080000c0   0x00000004   Code   RO         3169    .ARM.Collect$$$$00000001  mc_p.l(entry2.o)
    0x080000c4   0x00000004   Code   RO         3172    .ARM.Collect$$$$00000004  mc_p.l(entry5.o)
    0x080000c8   0x00000000   Code   RO         3174    .ARM.Collect$$$$00000008  mc_p.l(entry7b.o)
    0x080000c8   0x00000000   Code   RO         3176    .ARM.Collect$$$$0000000A  mc_p.l(entry8b.o)
    0x080000c8   0x00000008   Code   RO         3177    .ARM.Collect$$$$0000000B  mc_p.l(entry9a.o)
    0x080000d0   0x00000000   Code   RO         3179    .ARM.Collect$$$$0000000D  mc_p.l(entry10a.o)
    0x080000d0   0x00000000   Code   RO         3181    .ARM.Collect$$$$0000000F  mc_p.l(entry11a.o)
    0x080000d0   0x00000004   Code   RO         3170    .ARM.Collect$$$$00002712  mc_p.l(entry2.o)
    0x080000d4   0x00000058   Code   RO         3058    .text               startup_stm32f042x6.o
    0x0800012c   0x0000002c   Code   RO         3115    .text               mc_p.l(uidiv.o)
    0x08000158   0x00000022   Code   RO         3117    .text               mc_p.l(llushr.o)
    0x0800017a   0x000000b2   Code   RO         3121    .text               mf_p.l(fadd.o)
    0x0800022c   0x0000007a   Code   RO         3123    .text               mf_p.l(fmul.o)
    0x080002a6   0x0000007c   Code   RO         3125    .text               mf_p.l(fdiv.o)
    0x08000322   0x00000018   Code   RO         3127    .text               mf_p.l(fscalb.o)
    0x0800033a   0x00000002   PAD
    0x0800033c   0x00000164   Code   RO         3129    .text               mf_p.l(dadd.o)
    0x080004a0   0x000000d0   Code   RO         3131    .text               mf_p.l(dmul.o)
    0x08000570   0x000000f0   Code   RO         3133    .text               mf_p.l(ddiv.o)
    0x08000660   0x0000002c   Code   RO         3135    .text               mf_p.l(dscalb.o)
    0x0800068c   0x00000016   Code   RO         3137    .text               mf_p.l(fflti.o)
    0x080006a2   0x00000002   PAD
    0x080006a4   0x00000028   Code   RO         3139    .text               mf_p.l(dflti.o)
    0x080006cc   0x0000001c   Code   RO         3141    .text               mf_p.l(dfltui.o)
    0x080006e8   0x00000032   Code   RO         3143    .text               mf_p.l(ffixi.o)
    0x0800071a   0x00000002   PAD
    0x0800071c   0x0000003c   Code   RO         3145    .text               mf_p.l(dfixui.o)
    0x08000758   0x00000028   Code   RO         3147    .text               mf_p.l(f2d.o)
    0x08000780   0x00000038   Code   RO         3149    .text               mf_p.l(d2f.o)
    0x080007b8   0x00000014   Code   RO         3151    .text               mf_p.l(cfcmple.o)
    0x080007cc   0x00000014   Code   RO         3153    .text               mf_p.l(cfrcmple.o)
    0x080007e0   0x00000020   Code   RO         3183    .text               mc_p.l(llshl.o)
    0x08000800   0x00000026   Code   RO         3185    .text               mc_p.l(llsshr.o)
    0x08000826   0x00000000   Code   RO         3194    .text               mc_p.l(iusefp.o)
    0x08000826   0x00000082   Code   RO         3195    .text               mf_p.l(fepilogue.o)
    0x080008a8   0x00000058   Code   RO         3197    .text               mf_p.l(fsqrt.o)
    0x08000900   0x000000be   Code   RO         3199    .text               mf_p.l(depilogue.o)
    0x080009be   0x00000002   PAD
    0x080009c0   0x00000024   Code   RO         3203    .text               mc_p.l(init.o)
    0x080009e4   0x0000030c   Code   RO          229    i.AHRS              main.o
    0x08000cf0   0x00000064   Code   RO          230    i.Butterworth_filter  main.o
    0x08000d54   0x0000000a   Code   RO          163    i.EXTI0_1_IRQHandler  stm32f0xx_it.o
    0x08000d5e   0x00000016   Code   RO         2152    i.HAL_Delay         stm32f0xx_hal.o
    0x08000d74   0x0000000c   Code   RO          233    i.HAL_GPIO_EXTI_Callback  main.o
    0x08000d80   0x00000018   Code   RO         1834    i.HAL_GPIO_EXTI_IRQHandler  stm32f0xx_hal_gpio.o
    0x08000d98   0x0000013c   Code   RO         1835    i.HAL_GPIO_Init     stm32f0xx_hal_gpio.o
    0x08000ed4   0x00000008   Code   RO         1838    i.HAL_GPIO_TogglePin  stm32f0xx_hal_gpio.o
    0x08000edc   0x0000000c   Code   RO         1839    i.HAL_GPIO_WritePin  stm32f0xx_hal_gpio.o
    0x08000ee8   0x0000000c   Code   RO         2156    i.HAL_GetTick       stm32f0xx_hal.o
    0x08000ef4   0x0000004a   Code   RO         1264    i.HAL_I2CEx_ConfigAnalogFilter  stm32f0xx_hal_i2c_ex.o
    0x08000f3e   0x00000002   PAD
    0x08000f40   0x000000a8   Code   RO         1419    i.HAL_I2C_Init      stm32f0xx_hal_i2c.o
    0x08000fe8   0x00000158   Code   RO         1435    i.HAL_I2C_Mem_Read  stm32f0xx_hal_i2c.o
    0x08001140   0x00000154   Code   RO         1438    i.HAL_I2C_Mem_Write  stm32f0xx_hal_i2c.o
    0x08001294   0x00000048   Code   RO            4    i.HAL_I2C_MspInit   stm32f0xx_hal_msp.o
    0x080012dc   0x00000010   Code   RO         2157    i.HAL_IncTick       stm32f0xx_hal.o
    0x080012ec   0x00000020   Code   RO         2158    i.HAL_Init          stm32f0xx_hal.o
    0x0800130c   0x00000022   Code   RO         2159    i.HAL_InitTick      stm32f0xx_hal.o
    0x0800132e   0x00000002   PAD
    0x08001330   0x00000048   Code   RO            5    i.HAL_MspInit       stm32f0xx_hal_msp.o
    0x08001378   0x00000014   Code   RO         1316    i.HAL_NVIC_EnableIRQ  stm32f0xx_hal_cortex.o
    0x0800138c   0x00000008   Code   RO         1320    i.HAL_NVIC_SetPriority  stm32f0xx_hal_cortex.o
    0x08001394   0x00000002   Code   RO         2081    i.HAL_PWREx_Vddio2MonitorCallback  stm32f0xx_hal_pwr_ex.o
    0x08001396   0x00000002   PAD
    0x08001398   0x00000018   Code   RO         2082    i.HAL_PWREx_Vddio2Monitor_IRQHandler  stm32f0xx_hal_pwr_ex.o
    0x080013b0   0x00000002   Code   RO         2086    i.HAL_PWR_PVDCallback  stm32f0xx_hal_pwr_ex.o
    0x080013b2   0x00000002   PAD
    0x080013b4   0x0000001c   Code   RO         2087    i.HAL_PWR_PVD_IRQHandler  stm32f0xx_hal_pwr_ex.o
    0x080013d0   0x0000010c   Code   RO         2277    i.HAL_RCCEx_PeriphCLKConfig  stm32f0xx_hal_rcc_ex.o
    0x080014dc   0x00000154   Code   RO          544    i.HAL_RCC_ClockConfig  stm32f0xx_hal_rcc.o
    0x08001630   0x0000000c   Code   RO          549    i.HAL_RCC_GetHCLKFreq  stm32f0xx_hal_rcc.o
    0x0800163c   0x00000088   Code   RO          552    i.HAL_RCC_GetSysClockFreq  stm32f0xx_hal_rcc.o
    0x080016c4   0x000003d8   Code   RO          555    i.HAL_RCC_OscConfig  stm32f0xx_hal_rcc.o
    0x08001a9c   0x0000001c   Code   RO          234    i.HAL_SPI_ErrorCallback  main.o
    0x08001ab8   0x0000008a   Code   RO         2744    i.HAL_SPI_IRQHandler  stm32f0xx_hal_spi.o
    0x08001b42   0x00000002   PAD
    0x08001b44   0x000000d0   Code   RO         2745    i.HAL_SPI_Init      stm32f0xx_hal_spi.o
    0x08001c14   0x0000006c   Code   RO            7    i.HAL_SPI_MspInit   stm32f0xx_hal_msp.o
    0x08001c80   0x000000fc   Code   RO         2750    i.HAL_SPI_Receive_IT  stm32f0xx_hal_spi.o
    0x08001d7c   0x000000f0   Code   RO          235    i.HAL_SPI_RxCpltCallback  main.o
    0x08001e6c   0x00000114   Code   RO         2756    i.HAL_SPI_TransmitReceive_IT  stm32f0xx_hal_spi.o
    0x08001f80   0x00000002   Code   RO         2761    i.HAL_SPI_TxRxCpltCallback  stm32f0xx_hal_spi.o
    0x08001f82   0x00000002   PAD
    0x08001f84   0x00000018   Code   RO         1322    i.HAL_SYSTICK_CLKSourceConfig  stm32f0xx_hal_cortex.o
    0x08001f9c   0x00000002   Code   RO         1323    i.HAL_SYSTICK_Callback  stm32f0xx_hal_cortex.o
    0x08001f9e   0x00000002   PAD
    0x08001fa0   0x00000030   Code   RO         1324    i.HAL_SYSTICK_Config  stm32f0xx_hal_cortex.o
    0x08001fd0   0x00000008   Code   RO         1325    i.HAL_SYSTICK_IRQHandler  stm32f0xx_hal_cortex.o
    0x08001fd8   0x0000003c   Code   RO         2433    i.HAL_TIMEx_ConfigBreakDeadTime  stm32f0xx_hal_tim_ex.o
    0x08002014   0x00000048   Code   RO         2448    i.HAL_TIMEx_MasterConfigSynchronization  stm32f0xx_hal_tim_ex.o
    0x0800205c   0x00000050   Code   RO            8    i.HAL_TIM_MspPostInit  stm32f0xx_hal_msp.o
    0x080020ac   0x000000d0   Code   RO          703    i.HAL_TIM_PWM_ConfigChannel  stm32f0xx_hal_tim.o
    0x0800217c   0x00000034   Code   RO          706    i.HAL_TIM_PWM_Init  stm32f0xx_hal_tim.o
    0x080021b0   0x0000003c   Code   RO           10    i.HAL_TIM_PWM_MspInit  stm32f0xx_hal_msp.o
    0x080021ec   0x00000044   Code   RO          710    i.HAL_TIM_PWM_Start  stm32f0xx_hal_tim.o
    0x08002230   0x00000002   Code   RO          164    i.HardFault_Handler  stm32f0xx_it.o
    0x08002232   0x00000022   Code   RO         1461    i.I2C_Flush_TXDR    stm32f0xx_hal_i2c.o
    0x08002254   0x00000074   Code   RO         1469    i.I2C_IsAcknowledgeFailed  stm32f0xx_hal_i2c.o
    0x080022c8   0x0000006a   Code   RO         1472    i.I2C_RequestMemoryRead  stm32f0xx_hal_i2c.o
    0x08002332   0x0000006a   Code   RO         1473    i.I2C_RequestMemoryWrite  stm32f0xx_hal_i2c.o
    0x0800239c   0x00000024   Code   RO         1476    i.I2C_TransferConfig  stm32f0xx_hal_i2c.o
    0x080023c0   0x00000048   Code   RO         1477    i.I2C_WaitOnFlagUntilTimeout  stm32f0xx_hal_i2c.o
    0x08002408   0x0000004e   Code   RO         1479    i.I2C_WaitOnSTOPFlagUntilTimeout  stm32f0xx_hal_i2c.o
    0x08002456   0x00000052   Code   RO         1480    i.I2C_WaitOnTXISFlagUntilTimeout  stm32f0xx_hal_i2c.o
    0x080024a8   0x000000aa   Code   RO          236    i.Initial_MPU6050   main.o
    0x08002552   0x00000002   PAD
    0x08002554   0x00000050   Code   RO          239    i.MPU6050_WriteBit  main.o
    0x080025a4   0x00000054   Code   RO          240    i.MPU6050_WriteBits  main.o
    0x080025f8   0x00000088   Code   RO          241    i.MX_GPIO_Init      main.o
    0x08002680   0x00000044   Code   RO          242    i.MX_I2C1_Init      main.o
    0x080026c4   0x0000003c   Code   RO          243    i.MX_SPI1_Init      main.o
    0x08002700   0x00000084   Code   RO          244    i.MX_TIM1_Init      main.o
    0x08002784   0x0000005c   Code   RO          245    i.MX_TIM3_Init      main.o
    0x080027e0   0x00000002   Code   RO          165    i.NMI_Handler       stm32f0xx_it.o
    0x080027e2   0x00000002   PAD
    0x080027e4   0x00000044   Code   RO         1326    i.NVIC_SetPriority  stm32f0xx_hal_cortex.o
    0x08002828   0x00000104   Code   RO          246    i.PID_controller    main.o
    0x0800292c   0x0000000c   Code   RO          166    i.PVD_VDDIO2_IRQHandler  stm32f0xx_it.o
    0x08002938   0x0000015c   Code   RO          247    i.PWMControl        main.o
    0x08002a94   0x00000002   Code   RO          167    i.PendSV_Handler    stm32f0xx_it.o
    0x08002a96   0x00000002   PAD
    0x08002a98   0x00000138   Code   RO          248    i.Read_MPU6050      main.o
    0x08002bd0   0x00000010   Code   RO          168    i.SPI1_IRQHandler   stm32f0xx_it.o
    0x08002be0   0x0000004c   Code   RO         2763    i.SPI_2linesRxISR_16BIT  stm32f0xx_hal_spi.o
    0x08002c2c   0x0000001a   Code   RO         2764    i.SPI_2linesRxISR_16BITCRC  stm32f0xx_hal_spi.o
    0x08002c46   0x00000002   PAD
    0x08002c48   0x00000078   Code   RO         2765    i.SPI_2linesRxISR_8BIT  stm32f0xx_hal_spi.o
    0x08002cc0   0x00000028   Code   RO         2766    i.SPI_2linesRxISR_8BITCRC  stm32f0xx_hal_spi.o
    0x08002ce8   0x00000050   Code   RO         2767    i.SPI_2linesTxISR_16BIT  stm32f0xx_hal_spi.o
    0x08002d38   0x00000064   Code   RO         2768    i.SPI_2linesTxISR_8BIT  stm32f0xx_hal_spi.o
    0x08002d9c   0x0000006c   Code   RO         2769    i.SPI_CloseRxTx_ISR  stm32f0xx_hal_spi.o
    0x08002e08   0x0000005c   Code   RO         2770    i.SPI_CloseRx_ISR   stm32f0xx_hal_spi.o
    0x08002e64   0x0000006e   Code   RO         2779    i.SPI_EndRxTransaction  stm32f0xx_hal_spi.o
    0x08002ed2   0x00000032   Code   RO         2780    i.SPI_EndRxTxTransaction  stm32f0xx_hal_spi.o
    0x08002f04   0x00000050   Code   RO         2781    i.SPI_RxISR_16BIT   stm32f0xx_hal_spi.o
    0x08002f54   0x0000001a   Code   RO         2782    i.SPI_RxISR_16BITCRC  stm32f0xx_hal_spi.o
    0x08002f6e   0x00000002   PAD
    0x08002f70   0x00000050   Code   RO         2783    i.SPI_RxISR_8BIT    stm32f0xx_hal_spi.o
    0x08002fc0   0x0000001a   Code   RO         2784    i.SPI_RxISR_8BITCRC  stm32f0xx_hal_spi.o
    0x08002fda   0x00000002   PAD
    0x08002fdc   0x000000a4   Code   RO         2787    i.SPI_WaitFifoStateUntilTimeout  stm32f0xx_hal_spi.o
    0x08003080   0x00000090   Code   RO         2788    i.SPI_WaitFlagStateUntilTimeout  stm32f0xx_hal_spi.o
    0x08003110   0x00000002   Code   RO          169    i.SVC_Handler       stm32f0xx_it.o
    0x08003112   0x0000001e   Code   RO          251    i.Smooth_filter     main.o
    0x08003130   0x0000000c   Code   RO          170    i.SysTick_Handler   stm32f0xx_it.o
    0x0800313c   0x00000072   Code   RO          252    i.SystemClock_Config  main.o
    0x080031ae   0x00000002   PAD
    0x080031b0   0x0000005c   Code   RO         3065    i.SystemInit        system_stm32f0xx.o
    0x0800320c   0x0000007c   Code   RO          721    i.TIM_Base_SetConfig  stm32f0xx_hal_tim.o
    0x08003288   0x00000016   Code   RO          722    i.TIM_CCxChannelCmd  stm32f0xx_hal_tim.o
    0x0800329e   0x00000002   PAD
    0x080032a0   0x00000078   Code   RO          730    i.TIM_OC1_SetConfig  stm32f0xx_hal_tim.o
    0x08003318   0x00000074   Code   RO          731    i.TIM_OC2_SetConfig  stm32f0xx_hal_tim.o
    0x0800338c   0x00000078   Code   RO          732    i.TIM_OC3_SetConfig  stm32f0xx_hal_tim.o
    0x08003404   0x00000060   Code   RO          733    i.TIM_OC4_SetConfig  stm32f0xx_hal_tim.o
    0x08003464   0x0000002e   Code   RO         3201    i.__ARM_clz         mf_p.l(depilogue.o)
    0x08003492   0x0000000a   Code   RO         3156    i.__mathlib_flt_infnan  m_ps.l(funder.o)
    0x0800349c   0x0000000c   Code   RO         3158    i.__mathlib_flt_invalid  m_ps.l(funder.o)
    0x080034a8   0x0000000e   Code   RO         3207    i.__scatterload_copy  mc_p.l(handlers.o)
    0x080034b6   0x00000002   Code   RO         3208    i.__scatterload_null  mc_p.l(handlers.o)
    0x080034b8   0x0000000e   Code   RO         3209    i.__scatterload_zeroinit  mc_p.l(handlers.o)
    0x080034c6   0x00000002   PAD
    0x080034c8   0x0000000c   Code   RO         3189    i.__set_errno       mc_p.l(errno.o)
    0x080034d4   0x0000000e   Code   RO          253    i.abs_user          main.o
    0x080034e2   0x00000002   PAD
    0x080034e4   0x0000010c   Code   RO         3097    i.acosf             m_ps.l(acosf.o)
    0x080035f0   0x00000020   Code   RO          255    i.constrain         main.o
    0x08003610   0x00000054   Code   RO          257    i.getRCcommand      main.o
    0x08003664   0x00000114   Code   RO          258    i.imuComputeRotationMatrix  main.o
    0x08003778   0x00000012   Code   RO          260    i.invSqrt           main.o
    0x0800378a   0x00000002   PAD
    0x0800378c   0x000001c8   Code   RO          262    i.main              main.o
    0x08003954   0x0000000a   Code   RO          265    i.sq                main.o
    0x0800395e   0x0000002c   Code   RO         3105    i.sqrtf             m_ps.l(sqrtf.o)
    0x0800398a   0x00000010   Data   RO         3066    .constdata          system_stm32f0xx.o
    0x0800399a   0x00000002   PAD
    0x0800399c   0x00000020   Data   RO         3205    Region$$Table       anon$$obj.o


    Execution Region RW_IRAM1 (Base: 0x20000000, Size: 0x00000670, Max: 0x00001800, ABSOLUTE)

    Base Addr    Size         Type   Attr      Idx    E Section Name        Object

    0x20000000   0x000000a0   Data   RW          270    .data               main.o
    0x200000a0   0x00000004   Data   RW         2164    .data               stm32f0xx_hal.o
    0x200000a4   0x00000004   Data   RW         3068    .data               system_stm32f0xx.o
    0x200000a8   0x00000004   Data   RW         3190    .data               mc_p.l(errno.o)
    0x200000ac   0x000001c0   Zero   RW          267    .bss                main.o
    0x2000026c   0x00000004   PAD
    0x20000270   0x00000400   Zero   RW         3055    STACK               startup_stm32f042x6.o


==============================================================================

Image component sizes


      Code (inc. data)   RO Data    RW Data    ZI Data      Debug   Object Name

      3936        302          0        160        448      20689   main.o
        88         38        192          0       1024        584   startup_stm32f042x6.o
       116         18          0          4          0       3387   stm32f0xx_hal.o
       178         28          0          0          0      10275   stm32f0xx_hal_cortex.o
       360         28          0          0          0       3324   stm32f0xx_hal_gpio.o
      1482         26          0          0          0      11330   stm32f0xx_hal_i2c.o
        74          0          0          0          0       1075   stm32f0xx_hal_i2c_ex.o
       392         52          0          0          0     456094   stm32f0xx_hal_msp.o
        56         10          0          0          0       2014   stm32f0xx_hal_pwr_ex.o
      1472         90          0          0          0       4450   stm32f0xx_hal_rcc.o
       268         14          0          0          0       1428   stm32f0xx_hal_rcc_ex.o
      2198         80          0          0          0      14365   stm32f0xx_hal_spi.o
       926         82          0          0          0       7322   stm32f0xx_hal_tim.o
       132          0          0          0          0       1916   stm32f0xx_hal_tim_ex.o
        58          6          0          0          0       3202   stm32f0xx_it.o
        92         14         16          4          0       1287   system_stm32f0xx.o

    ----------------------------------------------------------------------
     11862        788        242        168       1476     542742   Object Totals
         0          0         32          0          0          0   (incl. Generated)
        34          0          2          0          4          0   (incl. Padding)

    ----------------------------------------------------------------------

      Code (inc. data)   RO Data    RW Data    ZI Data      Debug   Library Member Name

       268         40          0          0          0         76   acosf.o
        22          0          0          0          0        136   funder.o
        44          0          0          0          0         72   sqrtf.o
         0          0          0          0          0          0   entry.o
         0          0          0          0          0          0   entry10a.o
         0          0          0          0          0          0   entry11a.o
         8          4          0          0          0          0   entry2.o
         4          0          0          0          0          0   entry5.o
         0          0          0          0          0          0   entry7b.o
         0          0          0          0          0          0   entry8b.o
         8          4          0          0          0          0   entry9a.o
        12          6          0          4          0         60   errno.o
        30          0          0          0          0          0   handlers.o
        36          8          0          0          0         68   init.o
         0          0          0          0          0          0   iusefp.o
        32          0          0          0          0         68   llshl.o
        38          0          0          0          0         68   llsshr.o
        34          0          0          0          0         68   llushr.o
        44          0          0          0          0         72   uidiv.o
        20          0          0          0          0         68   cfcmple.o
        20          0          0          0          0         68   cfrcmple.o
        56          0          0          0          0         68   d2f.o
       356          4          0          0          0        140   dadd.o
       240          6          0          0          0         84   ddiv.o
       236          0          0          0          0        216   depilogue.o
        60         10          0          0          0         68   dfixui.o
        40          6          0          0          0         68   dflti.o
        28          4          0          0          0         68   dfltui.o
       208          6          0          0          0         88   dmul.o
        44          0          0          0          0         72   dscalb.o
        40          0          0          0          0         60   f2d.o
       178          0          0          0          0        108   fadd.o
       124          0          0          0          0         72   fdiv.o
       130          0          0          0          0        144   fepilogue.o
        50          0          0          0          0         60   ffixi.o
        22          0          0          0          0         68   fflti.o
       122          0          0          0          0         72   fmul.o
        24          0          0          0          0         60   fscalb.o
        88          0          0          0          0         72   fsqrt.o

    ----------------------------------------------------------------------
      2676         98          0          4          0       2412   Library Totals
        10          0          0          0          0          0   (incl. Padding)

    ----------------------------------------------------------------------

      Code (inc. data)   RO Data    RW Data    ZI Data      Debug   Library Name

       334         40          0          0          0        284   m_ps.l
       246         22          0          4          0        404   mc_p.l
      2086         36          0          0          0       1724   mf_p.l

    ----------------------------------------------------------------------
      2676         98          0          4          0       2412   Library Totals

    ----------------------------------------------------------------------

==============================================================================


      Code (inc. data)   RO Data    RW Data    ZI Data      Debug   

     14538        886        242        172       1476     539394   Grand Totals
     14538        886        242        172       1476     539394   ELF Image Totals
     14538        886        242        172          0          0   ROM Totals

==============================================================================

    Total RO  Size (Code + RO Data)                14780 (  14.43kB)
    Total RW  Size (RW Data + ZI Data)              1648 (   1.61kB)
    Total ROM Size (Code + RO Data + RW Data)      14952 (  14.60kB)

==============================================================================

